Archive member included to satisfy reference by file (symbol)

C:/ST/STM32CubeIDE_1.15.1/STM32CubeIDE/plugins/com.st.stm32cube.ide.mcu.externaltools.gnu-tools-for-stm32.12.3.rel1.win32_1.0.100.202403111256/tools/bin/../lib/gcc/arm-none-eabi/12.3.1/../../../../arm-none-eabi/lib/thumb/v7e-m+fp/hard\libc_nano.a(libc_a-exit.o)
                              C:/ST/STM32CubeIDE_1.15.1/STM32CubeIDE/plugins/com.st.stm32cube.ide.mcu.externaltools.gnu-tools-for-stm32.12.3.rel1.win32_1.0.100.202403111256/tools/bin/../lib/gcc/arm-none-eabi/12.3.1/../../../../arm-none-eabi/lib/thumb/v7e-m+fp/hard/crt0.o (exit)
C:/ST/STM32CubeIDE_1.15.1/STM32CubeIDE/plugins/com.st.stm32cube.ide.mcu.externaltools.gnu-tools-for-stm32.12.3.rel1.win32_1.0.100.202403111256/tools/bin/../lib/gcc/arm-none-eabi/12.3.1/../../../../arm-none-eabi/lib/thumb/v7e-m+fp/hard\libc_nano.a(libc_a-ctype_.o)
                              ./tinyusb/src/tusb.o (_ctype_)
C:/ST/STM32CubeIDE_1.15.1/STM32CubeIDE/plugins/com.st.stm32cube.ide.mcu.externaltools.gnu-tools-for-stm32.12.3.rel1.win32_1.0.100.202403111256/tools/bin/../lib/gcc/arm-none-eabi/12.3.1/../../../../arm-none-eabi/lib/thumb/v7e-m+fp/hard\libc_nano.a(libc_a-nano-vfprintf_float.o)
                              (_printf_float)
C:/ST/STM32CubeIDE_1.15.1/STM32CubeIDE/plugins/com.st.stm32cube.ide.mcu.externaltools.gnu-tools-for-stm32.12.3.rel1.win32_1.0.100.202403111256/tools/bin/../lib/gcc/arm-none-eabi/12.3.1/../../../../arm-none-eabi/lib/thumb/v7e-m+fp/hard\libc_nano.a(libc_a-nano-vfprintf_i.o)
                              C:/ST/STM32CubeIDE_1.15.1/STM32CubeIDE/plugins/com.st.stm32cube.ide.mcu.externaltools.gnu-tools-for-stm32.12.3.rel1.win32_1.0.100.202403111256/tools/bin/../lib/gcc/arm-none-eabi/12.3.1/../../../../arm-none-eabi/lib/thumb/v7e-m+fp/hard\libc_nano.a(libc_a-nano-vfprintf_float.o) (_printf_common)
C:/ST/STM32CubeIDE_1.15.1/STM32CubeIDE/plugins/com.st.stm32cube.ide.mcu.externaltools.gnu-tools-for-stm32.12.3.rel1.win32_1.0.100.202403111256/tools/bin/../lib/gcc/arm-none-eabi/12.3.1/../../../../arm-none-eabi/lib/thumb/v7e-m+fp/hard\libc_nano.a(libc_a-findfp.o)
                              C:/ST/STM32CubeIDE_1.15.1/STM32CubeIDE/plugins/com.st.stm32cube.ide.mcu.externaltools.gnu-tools-for-stm32.12.3.rel1.win32_1.0.100.202403111256/tools/bin/../lib/gcc/arm-none-eabi/12.3.1/../../../../arm-none-eabi/lib/thumb/v7e-m+fp/hard\libc_nano.a(libc_a-exit.o) (__stdio_exit_handler)
C:/ST/STM32CubeIDE_1.15.1/STM32CubeIDE/plugins/com.st.stm32cube.ide.mcu.externaltools.gnu-tools-for-stm32.12.3.rel1.win32_1.0.100.202403111256/tools/bin/../lib/gcc/arm-none-eabi/12.3.1/../../../../arm-none-eabi/lib/thumb/v7e-m+fp/hard\libc_nano.a(libc_a-fwalk.o)
                              C:/ST/STM32CubeIDE_1.15.1/STM32CubeIDE/plugins/com.st.stm32cube.ide.mcu.externaltools.gnu-tools-for-stm32.12.3.rel1.win32_1.0.100.202403111256/tools/bin/../lib/gcc/arm-none-eabi/12.3.1/../../../../arm-none-eabi/lib/thumb/v7e-m+fp/hard\libc_nano.a(libc_a-findfp.o) (_fwalk_sglue)
C:/ST/STM32CubeIDE_1.15.1/STM32CubeIDE/plugins/com.st.stm32cube.ide.mcu.externaltools.gnu-tools-for-stm32.12.3.rel1.win32_1.0.100.202403111256/tools/bin/../lib/gcc/arm-none-eabi/12.3.1/../../../../arm-none-eabi/lib/thumb/v7e-m+fp/hard\libc_nano.a(libc_a-printf.o)
                              ./Core/Src/glove/bhi360.o (printf)
C:/ST/STM32CubeIDE_1.15.1/STM32CubeIDE/plugins/com.st.stm32cube.ide.mcu.externaltools.gnu-tools-for-stm32.12.3.rel1.win32_1.0.100.202403111256/tools/bin/../lib/gcc/arm-none-eabi/12.3.1/../../../../arm-none-eabi/lib/thumb/v7e-m+fp/hard\libc_nano.a(libc_a-putchar.o)
                              ./tinyusb/src/tusb.o (putchar)
C:/ST/STM32CubeIDE_1.15.1/STM32CubeIDE/plugins/com.st.stm32cube.ide.mcu.externaltools.gnu-tools-for-stm32.12.3.rel1.win32_1.0.100.202403111256/tools/bin/../lib/gcc/arm-none-eabi/12.3.1/../../../../arm-none-eabi/lib/thumb/v7e-m+fp/hard\libc_nano.a(libc_a-puts.o)
                              ./tinyusb/src/tusb.o (puts)
C:/ST/STM32CubeIDE_1.15.1/STM32CubeIDE/plugins/com.st.stm32cube.ide.mcu.externaltools.gnu-tools-for-stm32.12.3.rel1.win32_1.0.100.202403111256/tools/bin/../lib/gcc/arm-none-eabi/12.3.1/../../../../arm-none-eabi/lib/thumb/v7e-m+fp/hard\libc_nano.a(libc_a-stdio.o)
                              C:/ST/STM32CubeIDE_1.15.1/STM32CubeIDE/plugins/com.st.stm32cube.ide.mcu.externaltools.gnu-tools-for-stm32.12.3.rel1.win32_1.0.100.202403111256/tools/bin/../lib/gcc/arm-none-eabi/12.3.1/../../../../arm-none-eabi/lib/thumb/v7e-m+fp/hard\libc_nano.a(libc_a-findfp.o) (__sread)
C:/ST/STM32CubeIDE_1.15.1/STM32CubeIDE/plugins/com.st.stm32cube.ide.mcu.externaltools.gnu-tools-for-stm32.12.3.rel1.win32_1.0.100.202403111256/tools/bin/../lib/gcc/arm-none-eabi/12.3.1/../../../../arm-none-eabi/lib/thumb/v7e-m+fp/hard\libc_nano.a(libc_a-wbuf.o)
[...]
Memory Configuration

Name             Origin             Length             Attributes
RAM              0x20000000         0x00020000         xrw
FLASH            0x08000000         0x00080000         xr
*default*        0x00000000         0xffffffff

Linker script and memory map

LOAD C:/ST/STM32CubeIDE_1.15.1/STM32CubeIDE/plugins/com.st.stm32cube.ide.mcu.externaltools.gnu-tools-for-stm32.12.3.rel1.win32_1.0.100.202403111256/tools/bin/../lib/gcc/arm-none-eabi/12.3.1/thumb/v7e-m+fp/hard/crti.o
LOAD C:/ST/STM32CubeIDE_1.15.1/STM32CubeIDE/plugins/com.st.stm32cube.ide.mcu.externaltools.gnu-tools-for-stm32.12.3.rel1.win32_1.0.100.202403111256/tools/bin/../lib/gcc/arm-none-eabi/12.3.1/thumb/v7e-m+fp/hard/crtbegin.o
LOAD C:/ST/STM32CubeIDE_1.15.1/STM32CubeIDE/plugins/com.st.stm32cube.ide.mcu.externaltools.gnu-tools-for-stm32.12.3.rel1.win32_1.0.100.202403111256/tools/bin/../lib/gcc/arm-none-eabi/12.3.1/../../../../arm-none-eabi/lib/thumb/v7e-m+fp/hard/crt0.o
LOAD ./Core/Src/comms/bowie.pb.o
LOAD ./Core/Src/comms/cobs.o
LOAD ./Core/Src/comms/protobuf/pb_common.o
LOAD ./Core/Src/comms/protobuf/pb_decode.o
LOAD ./Core/Src/comms/protobuf/pb_encode.o
LOAD ./Core/Src/glove/bhi360.o
LOAD ./Core/Src/glove/common.o
LOAD ./Core/Src/glove/glove.o
LOAD ./Core/Src/gpio.o
LOAD ./Core/Src/i2c.o
LOAD ./Core/Src/main.o
LOAD ./Core/Src/sdio.o
LOAD ./Core/Src/stm32f4xx_hal_msp.o
LOAD ./Core/Src/stm32f4xx_it.o
LOAD ./Core/Src/syscalls.o
LOAD ./Core/Src/sysmem.o
LOAD ./Core/Src/system_stm32f4xx.o
LOAD ./Core/Src/tim.o
LOAD ./Core/Src/usb_otg.o
LOAD ./Core/Src/usb/usb_descriptors.o
LOAD ./Core/Src/usb/usb_dfu_rt.o
LOAD ./Core/Startup/startup_stm32f446retx.o
LOAD ./Drivers/STM32F4xx_HAL_Driver/Src/stm32f4xx_hal.o
LOAD ./Drivers/STM32F4xx_HAL_Driver/Src/stm32f4xx_hal_cortex.o
LOAD ./Drivers/STM32F4xx_HAL_Driver/Src/stm32f4xx_hal_dma.o
LOAD ./Drivers/STM32F4xx_HAL_Driver/Src/stm32f4xx_hal_dma_ex.o
LOAD ./Drivers/STM32F4xx_HAL_Driver/Src/stm32f4xx_hal_exti.o
LOAD ./Drivers/STM32F4xx_HAL_Driver/Src/stm32f4xx_hal_flash.o
LOAD ./Drivers/STM32F4xx_HAL_Driver/Src/stm32f4xx_hal_flash_ex.o
LOAD ./Drivers/STM32F4xx_HAL_Driver/Src/stm32f4xx_hal_flash_ramfunc.o
LOAD ./Drivers/STM32F4xx_HAL_Driver/Src/stm32f4xx_hal_gpio.o
LOAD ./Drivers/STM32F4xx_HAL_Driver/Src/stm32f4xx_hal_i2c.o
LOAD ./Drivers/STM32F4xx_HAL_Driver/Src/stm32f4xx_hal_i2c_ex.o
LOAD ./Drivers/STM32F4xx_HAL_Driver/Src/stm32f4xx_hal_pcd.o
LOAD ./Drivers/STM32F4xx_HAL_Driver/Src/stm32f4xx_hal_pcd_ex.o
LOAD ./Drivers/STM32F4xx_HAL_Driver/Src/stm32f4xx_hal_pwr.o
LOAD ./Drivers/STM32F4xx_HAL_Driver/Src/stm32f4xx_hal_pwr_ex.o
LOAD ./Drivers/STM32F4xx_HAL_Driver/Src/stm32f4xx_hal_rcc.o
LOAD ./Drivers/STM32F4xx_HAL_Driver/Src/stm32f4xx_hal_rcc_ex.o
LOAD ./Drivers/STM32F4xx_HAL_Driver/Src/stm32f4xx_hal_sd.o
LOAD ./Drivers/STM32F4xx_HAL_Driver/Src/stm32f4xx_hal_tim.o
LOAD ./Drivers/STM32F4xx_HAL_Driver/Src/stm32f4xx_hal_tim_ex.o
LOAD ./Drivers/STM32F4xx_HAL_Driver/Src/stm32f4xx_ll_sdmmc.o
LOAD ./Drivers/STM32F4xx_HAL_Driver/Src/stm32f4xx_ll_usb.o
LOAD ./Drivers/bhy2/bhi3.o
LOAD ./Drivers/bhy2/bhi3_multi_tap.o
LOAD ./Drivers/bhy2/bhy2.o
LOAD ./Drivers/bhy2/bhy2_bsec.o
LOAD ./Drivers/bhy2/bhy2_head_tracker.o
LOAD ./Drivers/bhy2/bhy2_hif.o
LOAD ./Drivers/bhy2/bhy2_klio.o
LOAD ./Drivers/bhy2/bhy2_parse.o
LOAD ./Drivers/bhy2/bhy2_swim.o
LOAD ./tinyusb/src/class/audio/audio_device.o
LOAD ./tinyusb/src/class/bth/bth_device.o
LOAD ./tinyusb/src/class/cdc/cdc_device.o
LOAD ./tinyusb/src/class/cdc/cdc_host.o
LOAD ./tinyusb/src/class/cdc/cdc_rndis_host.o
LOAD ./tinyusb/src/class/dfu/dfu_device.o
LOAD ./tinyusb/src/class/dfu/dfu_rt_device.o
LOAD ./tinyusb/src/class/hid/hid_device.o
LOAD ./tinyusb/src/class/hid/hid_host.o
LOAD ./tinyusb/src/class/midi/midi_device.o
LOAD ./tinyusb/src/class/msc/msc_device.o
LOAD ./tinyusb/src/class/msc/msc_host.o
LOAD ./tinyusb/src/class/net/ecm_rndis_device.o
LOAD ./tinyusb/src/class/net/ncm_device.o
LOAD ./tinyusb/src/class/usbtmc/usbtmc_device.o
LOAD ./tinyusb/src/class/vendor/vendor_device.o
LOAD ./tinyusb/src/class/vendor/vendor_host.o
LOAD ./tinyusb/src/class/video/video_device.o
LOAD ./tinyusb/src/common/tusb_fifo.o
LOAD ./tinyusb/src/device/usbd.o
LOAD ./tinyusb/src/device/usbd_control.o
LOAD ./tinyusb/src/host/hub.o
LOAD ./tinyusb/src/host/usbh.o
LOAD ./tinyusb/src/portable/bridgetek/ft9xx/dcd_ft9xx.o
LOAD ./tinyusb/src/portable/chipidea/ci_hs/dcd_ci_hs.o
LOAD ./tinyusb/src/portable/chipidea/ci_hs/hcd_ci_hs.o
LOAD ./tinyusb/src/portable/dialog/da146xx/dcd_da146xx.o
LOAD ./tinyusb/src/portable/ehci/ehci.o
LOAD ./tinyusb/src/portable/espressif/esp32sx/dcd_esp32sx.o
LOAD ./tinyusb/src/portable/mentor/musb/dcd_musb.o
LOAD ./tinyusb/src/portable/mentor/musb/hcd_musb.o
LOAD ./tinyusb/src/portable/microchip/pic/dcd_pic.o
LOAD ./tinyusb/src/portable/microchip/pic32mz/dcd_pic32mz.o
LOAD ./tinyusb/src/portable/microchip/samd/dcd_samd.o
LOAD ./tinyusb/src/portable/microchip/samg/dcd_samg.o
LOAD ./tinyusb/src/portable/microchip/samx7x/dcd_samx7x.o
LOAD ./tinyusb/src/portable/mindmotion/mm32/dcd_mm32f327x_otg.o
LOAD ./tinyusb/src/portable/nordic/nrf5x/dcd_nrf5x.o
LOAD ./tinyusb/src/portable/nuvoton/nuc120/dcd_nuc120.o
LOAD ./tinyusb/src/portable/nuvoton/nuc121/dcd_nuc121.o
LOAD ./tinyusb/src/portable/nuvoton/nuc505/dcd_nuc505.o
LOAD ./tinyusb/src/portable/nxp/khci/dcd_khci.o
LOAD ./tinyusb/src/portable/nxp/khci/hcd_khci.o
LOAD ./tinyusb/src/portable/nxp/lpc17_40/dcd_lpc17_40.o
LOAD ./tinyusb/src/portable/nxp/lpc17_40/hcd_lpc17_40.o
LOAD ./tinyusb/src/portable/nxp/lpc_ip3511/dcd_lpc_ip3511.o
LOAD ./tinyusb/src/portable/nxp/transdimension/dcd_transdimension.o
LOAD ./tinyusb/src/portable/nxp/transdimension/hcd_transdimension.o
LOAD ./tinyusb/src/portable/ohci/ohci.o
LOAD ./tinyusb/src/portable/raspberrypi/pio_usb/dcd_pio_usb.o
LOAD ./tinyusb/src/portable/raspberrypi/pio_usb/hcd_pio_usb.o
LOAD ./tinyusb/src/portable/raspberrypi/rp2040/dcd_rp2040.o
LOAD ./tinyusb/src/portable/raspberrypi/rp2040/hcd_rp2040.o
LOAD ./tinyusb/src/portable/raspberrypi/rp2040/rp2040_usb.o
LOAD ./tinyusb/src/portable/renesas/rusb2/dcd_rusb2.o
LOAD ./tinyusb/src/portable/renesas/rusb2/hcd_rusb2.o
LOAD ./tinyusb/src/portable/sony/cxd56/dcd_cxd56.o
LOAD ./tinyusb/src/portable/st/stm32_fsdev/dcd_stm32_fsdev.o
LOAD ./tinyusb/src/portable/sunxi/dcd_sunxi_musb.o
LOAD ./tinyusb/src/portable/synopsys/dwc2/dcd_dwc2.o
LOAD ./tinyusb/src/portable/template/dcd_template.o
LOAD ./tinyusb/src/portable/ti/msp430x5xx/dcd_msp430x5xx.o
LOAD ./tinyusb/src/portable/valentyusb/eptri/dcd_eptri.o
LOAD ./tinyusb/src/portable/wch/ch32v307/dcd_usbhs.o
LOAD ./tinyusb/src/tusb.o
START GROUP
LOAD C:/ST/STM32CubeIDE_1.15.1/STM32CubeIDE/plugins/com.st.stm32cube.ide.mcu.externaltools.gnu-tools-for-stm32.12.3.rel1.win32_1.0.100.202403111256/tools/bin/../lib/gcc/arm-none-eabi/12.3.1/../../../../arm-none-eabi/lib/thumb/v7e-m+fp/hard\libc_nano.a
LOAD C:/ST/STM32CubeIDE_1.15.1/STM32CubeIDE/plugins/com.st.stm32cube.ide.mcu.externaltools.gnu-tools-for-stm32.12.3.rel1.win32_1.0.100.202403111256/tools/bin/../lib/gcc/arm-none-eabi/12.3.1/../../../../arm-none-eabi/lib/thumb/v7e-m+fp/hard\libm.a
END GROUP
START GROUP
LOAD C:/ST/STM32CubeIDE_1.15.1/STM32CubeIDE/plugins/com.st.stm32cube.ide.mcu.externaltools.gnu-tools-for-stm32.12.3.rel1.win32_1.0.100.202403111256/tools/bin/../lib/gcc/arm-none-eabi/12.3.1/thumb/v7e-m+fp/hard\libgcc.a
LOAD C:/ST/STM32CubeIDE_1.15.1/STM32CubeIDE/plugins/com.st.stm32cube.ide.mcu.externaltools.gnu-tools-for-stm32.12.3.rel1.win32_1.0.100.202403111256/tools/bin/../lib/gcc/arm-none-eabi/12.3.1/../../../../arm-none-eabi/lib/thumb/v7e-m+fp/hard\libc_nano.a
END GROUP
START GROUP
LOAD C:/ST/STM32CubeIDE_1.15.1/STM32CubeIDE/plugins/com.st.stm32cube.ide.mcu.externaltools.gnu-tools-for-stm32.12.3.rel1.win32_1.0.100.202403111256/tools/bin/../lib/gcc/arm-none-eabi/12.3.1/thumb/v7e-m+fp/hard\libgcc.a
LOAD C:/ST/STM32CubeIDE_1.15.1/STM32CubeIDE/plugins/com.st.stm32cube.ide.mcu.externaltools.gnu-tools-for-stm32.12.3.rel1.win32_1.0.100.202403111256/tools/bin/../lib/gcc/arm-none-eabi/12.3.1/../../../../arm-none-eabi/lib/thumb/v7e-m+fp/hard\libc_nano.a
LOAD C:/ST/STM32CubeIDE_1.15.1/STM32CubeIDE/plugins/com.st.stm32cube.ide.mcu.externaltools.gnu-tools-for-stm32.12.3.rel1.win32_1.0.100.202403111256/tools/bin/../lib/gcc/arm-none-eabi/12.3.1/../../../../arm-none-eabi/lib/thumb/v7e-m+fp/hard\libnosys.a
END GROUP
START GROUP
LOAD C:/ST/STM32CubeIDE_1.15.1/STM32CubeIDE/plugins/com.st.stm32cube.ide.mcu.externaltools.gnu-tools-for-stm32.12.3.rel1.win32_1.0.100.202403111256/tools/bin/../lib/gcc/arm-none-eabi/12.3.1/thumb/v7e-m+fp/hard\libgcc.a
LOAD C:/ST/STM32CubeIDE_1.15.1/STM32CubeIDE/plugins/com.st.stm32cube.ide.mcu.externaltools.gnu-tools-for-stm32.12.3.rel1.win32_1.0.100.202403111256/tools/bin/../lib/gcc/arm-none-eabi/12.3.1/../../../../arm-none-eabi/lib/thumb/v7e-m+fp/hard\libc_nano.a
LOAD C:/ST/STM32CubeIDE_1.15.1/STM32CubeIDE/plugins/com.st.stm32cube.ide.mcu.externaltools.gnu-tools-for-stm32.12.3.rel1.win32_1.0.100.202403111256/tools/bin/../lib/gcc/arm-none-eabi/12.3.1/../../../../arm-none-eabi/lib/thumb/v7e-m+fp/hard\libnosys.a
END GROUP
LOAD C:/ST/STM32CubeIDE_1.15.1/STM32CubeIDE/plugins/com.st.stm32cube.ide.mcu.externaltools.gnu-tools-for-stm32.12.3.rel1.win32_1.0.100.202403111256/tools/bin/../lib/gcc/arm-none-eabi/12.3.1/thumb/v7e-m+fp/hard/crtend.o
LOAD C:/ST/STM32CubeIDE_1.15.1/STM32CubeIDE/plugins/com.st.stm32cube.ide.mcu.externaltools.gnu-tools-for-stm32.12.3.rel1.win32_1.0.100.202403111256/tools/bin/../lib/gcc/arm-none-eabi/12.3.1/thumb/v7e-m+fp/hard/crtn.o
                0x20020000                        _estack = (ORIGIN (RAM) + LENGTH (RAM))
                0x00000200                        _Min_Heap_Size = 0x200
                0x00000400                        _Min_Stack_Size = 0x400

.isr_vector     0x08000000      0x1c4
                0x08000000                        . = ALIGN (0x4)
 *(.isr_vector)
 .isr_vector    0x08000000      0x1c4 ./Core/Startup/startup_stm32f446retx.o
                0x08000000                g_pfnVectors
                0x080001c4                        . = ALIGN (0x4)

.text           0x080001d0    0x12e48
                0x080001d0                        . = ALIGN (0x4)
 *(.text)
 .text          0x080001d0       0x40 C:/ST/STM32CubeIDE_1.15.1/STM32CubeIDE/plugins/com.st.stm32cube.ide.mcu.externaltools.gnu-tools-for-stm32.12.3.rel1.win32_1.0.100.202403111256/tools/bin/../lib/gcc/arm-none-eabi/12.3.1/thumb/v7e-m+fp/hard/crtbegin.o
 .text          0x08000210       0xa0 C:/ST/STM32CubeIDE_1.15.1/STM32CubeIDE/plugins/com.st.stm32cube.ide.mcu.externaltools.gnu-tools-for-stm32.12.3.rel1.win32_1.0.100.202403111256/tools/bin/../lib/gcc/arm-none-eabi/12.3.1/../../../../arm-none-eabi/lib/thumb/v7e-m+fp/hard\libc_nano.a(libc_a-memchr.o)
                0x08000210                memchr
 .text          0x080002b0       0x10 C:/ST/STM32CubeIDE_1.15.1/STM32CubeIDE/plugins/com.st.stm32cube.ide.mcu.externaltools.gnu-tools-for-stm32.12.3.rel1.win32_1.0.100.202403111256/tools/bin/../lib/gcc/arm-none-eabi/12.3.1/../../../../arm-none-eabi/lib/thumb/v7e-m+fp/hard\libc_nano.a(libc_a-strlen.o)
                0x080002b0                strlen
 .text          0x080002c0      0x378 C:/ST/STM32CubeIDE_1.15.1/STM32CubeIDE/plugins/com.st.stm32cube.ide.mcu.externaltools.gnu-tools-for-stm32.12.3.rel1.win32_1.0.100.202403111256/tools/bin/../lib/gcc/arm-none-eabi/12.3.1/thumb/v7e-m+fp/hard\libgcc.a(_arm_addsubdf3.o)
                0x080002c0                __aeabi_drsub
                0x080002c8                __aeabi_dsub
                0x080002c8                __subdf3
                0x080002cc                __aeabi_dadd
                0x080002cc                __adddf3
                0x08000544                __floatunsidf
                0x08000544                __aeabi_ui2d
                0x08000564                __floatsidf
                0x08000564                __aeabi_i2d
                0x08000588                __aeabi_f2d
                0x08000588                __extendsfdf2
                0x080005cc                __floatundidf
                0x080005cc                __aeabi_ul2d
                0x080005dc                __floatdidf
                0x080005dc                __aeabi_l2d
 .text          0x08000638      0x424 C:/ST/STM32CubeIDE_1.15.1/STM32CubeIDE/plugins/com.st.stm32cube.ide.mcu.externaltools.gnu-tools-for-stm32.12.3.rel1.win32_1.0.100.202403111256/tools/bin/../lib/gcc/arm-none-eabi/12.3.1/thumb/v7e-m+fp/hard\libgcc.a(_arm_muldivdf3.o)
                0x08000638                __aeabi_dmul
                0x08000638                __muldf3
                0x0800088c                __divdf3
                0x0800088c                __aeabi_ddiv
 .text          0x08000a5c      0x110 C:/ST/STM32CubeIDE_1.15.1/STM32CubeIDE/plugins/com.st.stm32cube.ide.mcu.externaltools.gnu-tools-for-stm32.12.3.rel1.win32_1.0.100.202403111256/tools/bin/../lib/gcc/arm-none-eabi/12.3.1/thumb/v7e-m+fp/hard\libgcc.a(_arm_cmpdf2.o)
                0x08000a5c                __gtdf2
                0x08000a5c                __gedf2
                0x08000a64                __ltdf2
                0x08000a64                __ledf2
                0x08000a6c                __nedf2
                0x08000a6c                __eqdf2
                0x08000a6c                __cmpdf2
                0x08000ae8                __aeabi_cdrcmple
                0x08000af8                __aeabi_cdcmpeq
                0x08000af8                __aeabi_cdcmple
                0x08000b08                __aeabi_dcmpeq
                0x08000b1c                __aeabi_dcmplt
                0x08000b30                __aeabi_dcmple
                0x08000b44                __aeabi_dcmpge
                0x08000b58                __aeabi_dcmpgt
 .text          0x08000b6c       0x2c C:/ST/STM32CubeIDE_1.15.1/STM32CubeIDE/plugins/com.st.stm32cube.ide.mcu.externaltools.gnu-tools-for-stm32.12.3.rel1.win32_1.0.100.202403111256/tools/bin/../lib/gcc/arm-none-eabi/12.3.1/thumb/v7e-m+fp/hard\libgcc.a(_arm_unorddf2.o)
                0x08000b6c                __unorddf2
                0x08000b6c                __aeabi_dcmpun
 .text          0x08000b98       0x50 C:/ST/STM32CubeIDE_1.15.1/STM32CubeIDE/plugins/com.st.stm32cube.ide.mcu.externaltools.gnu-tools-for-stm32.12.3.rel1.win32_1.0.100.202403111256/tools/bin/../lib/gcc/arm-none-eabi/12.3.1/thumb/v7e-m+fp/hard\libgcc.a(_arm_fixdfsi.o)
                0x08000b98                __aeabi_d2iz
                0x08000b98                __fixdfsi
 .text          0x08000be8       0x30 C:/ST/STM32CubeIDE_1.15.1/STM32CubeIDE/plugins/com.st.stm32cube.ide.mcu.externaltools.gnu-tools-for-stm32.12.3.rel1.win32_1.0.100.202403111256/tools/bin/../lib/gcc/arm-none-eabi/12.3.1/thumb/v7e-m+fp/hard\libgcc.a(_aeabi_uldivmod.o)
                0x08000be8                __aeabi_uldivmod
 .text          0x08000c18      0x2bc C:/ST/STM32CubeIDE_1.15.1/STM32CubeIDE/plugins/com.st.stm32cube.ide.mcu.externaltools.gnu-tools-for-stm32.12.3.rel1.win32_1.0.100.202403111256/tools/bin/../lib/gcc/arm-none-eabi/12.3.1/thumb/v7e-m+fp/hard\libgcc.a(_udivmoddi4.o)
                0x08000c18                __udivmoddi4
 .text          0x08000ed4        0x4 C:/ST/STM32CubeIDE_1.15.1/STM32CubeIDE/plugins/com.st.stm32cube.ide.mcu.externaltools.gnu-tools-for-stm32.12.3.rel1.win32_1.0.100.202403111256/tools/bin/../lib/gcc/arm-none-eabi/12.3.1/thumb/v7e-m+fp/hard\libgcc.a(_dvmd_tls.o)
                0x08000ed4                __aeabi_idiv0
                0x08000ed4                __aeabi_ldiv0
 *(.text*)
 .text.cobs_encode
                0x08000ed8      0x13e ./Core/Src/comms/cobs.o
                0x08000ed8                cobs_encode
 .text.load_descriptor_values
                0x08001016      0x2d4 ./Core/Src/comms/protobuf/pb_common.o
 .text.advance_iterator
                0x080012ea       0xc0 ./Core/Src/comms/protobuf/pb_common.o
 .text.pb_field_iter_begin
                0x080013aa       0x32 ./Core/Src/comms/protobuf/pb_common.o
                0x080013aa                pb_field_iter_begin
 .text.pb_field_iter_begin_extension
                0x080013dc       0x60 ./Core/Src/comms/protobuf/pb_common.o
                0x080013dc                pb_field_iter_begin_extension
 .text.pb_field_iter_next
                0x0800143c       0x2a ./Core/Src/comms/protobuf/pb_common.o
                0x0800143c                pb_field_iter_next
 .text.pb_const_cast
                0x08001466       0x1a ./Core/Src/comms/protobuf/pb_common.o
 .text.pb_field_iter_begin_const
                0x08001480       0x28 ./Core/Src/comms/protobuf/pb_common.o
                0x08001480                pb_field_iter_begin_const
 .text.pb_field_iter_begin_extension_const
                0x080014a8       0x24 ./Core/Src/comms/protobuf/pb_common.o
                0x080014a8                pb_field_iter_begin_extension_const
 .text.pb_default_field_callback
                0x080014cc       0x6a ./Core/Src/comms/protobuf/pb_common.o
                0x080014cc                pb_default_field_callback
 .text.buf_write
                0x08001536       0x30 ./Core/Src/comms/protobuf/pb_encode.o
 *fill*         0x08001566        0x2 
 .text.pb_ostream_from_buffer
                0x08001568       0x40 ./Core/Src/comms/protobuf/pb_encode.o
                0x08001568                pb_ostream_from_buffer
 .text.pb_write
                0x080015a8       0xa0 ./Core/Src/comms/protobuf/pb_encode.o
                0x080015a8                pb_write
 .text.safe_read_bool
                0x08001648       0x3c ./Core/Src/comms/protobuf/pb_encode.o
 .text.encode_array
                0x08001684      0x2a8 ./Core/Src/comms/protobuf/pb_encode.o
 .text.pb_check_proto3_default_value
                0x0800192c      0x23c ./Core/Src/comms/protobuf/pb_encode.o
 .text.encode_basic_field
                0x08001b68       0xe8 ./Core/Src/comms/protobuf/pb_encode.o
 .text.encode_callback_field
                0x08001c50       0x54 ./Core/Src/comms/protobuf/pb_encode.o
 .text.encode_field
                0x08001ca4       0xe8 ./Core/Src/comms/protobuf/pb_encode.o
 .text.default_extension_encoder
                0x08001d8c       0x54 ./Core/Src/comms/protobuf/pb_encode.o
 .text.encode_extension_field
                0x08001de0       0x62 ./Core/Src/comms/protobuf/pb_encode.o
 .text.pb_encode
                0x08001e42       0x88 ./Core/Src/comms/protobuf/pb_encode.o
                0x08001e42                pb_encode
 .text.pb_encode_varint_32
                0x08001eca       0xd4 ./Core/Src/comms/protobuf/pb_encode.o
 .text.pb_encode_varint
                0x08001f9e       0x56 ./Core/Src/comms/protobuf/pb_encode.o
                0x08001f9e                pb_encode_varint
 .text.pb_encode_svarint
                0x08001ff4       0x74 ./Core/Src/comms/protobuf/pb_encode.o
                0x08001ff4                pb_encode_svarint
 .text.pb_encode_fixed32
                0x08002068       0x1e ./Core/Src/comms/protobuf/pb_encode.o
                0x08002068                pb_encode_fixed32
 .text.pb_encode_fixed64
                0x08002086       0x1e ./Core/Src/comms/protobuf/pb_encode.o
                0x08002086                pb_encode_fixed64
 .text.pb_encode_tag
                0x080020a4       0x52 ./Core/Src/comms/protobuf/pb_encode.o
                0x080020a4                pb_encode_tag
 *fill*         0x080020f6        0x2 
 .text.pb_encode_tag_for_field
                0x080020f8       0x9c ./Core/Src/comms/protobuf/pb_encode.o
                0x080020f8                pb_encode_tag_for_field
 .text.pb_encode_string
                0x08002194       0x42 ./Core/Src/comms/protobuf/pb_encode.o
                0x08002194                pb_encode_string
 *fill*         0x080021d6        0x2 
 .text.pb_encode_submessage
                0x080021d8      0x11c ./Core/Src/comms/protobuf/pb_encode.o
                0x080021d8                pb_encode_submessage
 .text.pb_enc_bool
                0x080022f4       0x34 ./Core/Src/comms/protobuf/pb_encode.o
 .text.pb_enc_varint
                0x08002328      0x184 ./Core/Src/comms/protobuf/pb_encode.o
 .text.pb_enc_fixed
                0x080024ac       0x5c ./Core/Src/comms/protobuf/pb_encode.o
 .text.pb_enc_bytes
                0x08002508       0x7c ./Core/Src/comms/protobuf/pb_encode.o
 .text.pb_enc_string
                0x08002584       0xbc ./Core/Src/comms/protobuf/pb_encode.o
 .text.pb_enc_submessage
                0x08002640       0x8c ./Core/Src/comms/protobuf/pb_encode.o
 .text.pb_enc_fixed_length_bytes
                0x080026cc       0x24 ./Core/Src/comms/protobuf/pb_encode.o
 .text.bhi360_init
                0x080026f0       0x44 ./Core/Src/glove/bhi360.o
                0x080026f0                bhi360_init
 .text.upload_firmware_partly
                0x08002734       0x9c ./Core/Src/glove/bhi360.o
                0x08002734                upload_firmware_partly
 .text.parse_quaternion
                0x080027d0      0x12c ./Core/Src/glove/bhi360.o
                0x080027d0                parse_quaternion
 *fill*         0x080028fc        0x4 
 .text.parse_magnetometer
                0x08002900      0x114 ./Core/Src/glove/bhi360.o
                0x08002900                parse_magnetometer
 .text.bhy2_i2c_read
                0x08002a14       0x4c ./Core/Src/glove/common.o
                0x08002a14                bhy2_i2c_read
 .text.bhy2_i2c_write
                0x08002a60       0x64 ./Core/Src/glove/common.o
                0x08002a60                bhy2_i2c_write
 .text.bhy2_delay_us
                0x08002ac4       0x34 ./Core/Src/glove/common.o
                0x08002ac4                bhy2_delay_us
 .text.tud_cdc_write
                0x08002af8       0x1e ./Core/Src/glove/glove.o
 *fill*         0x08002b16        0x2 
 .text.glove_mux_reset
                0x08002b18       0x2c ./Core/Src/glove/glove.o
                0x08002b18                glove_mux_reset
 .text.glove_mux_set_channel
                0x08002b44       0x50 ./Core/Src/glove/glove.o
                0x08002b44                glove_mux_set_channel
 .text.init_glove
                0x08002b94      0x15c ./Core/Src/glove/glove.o
                0x08002b94                init_glove
 .text.init_island
                0x08002cf0      0x3a8 ./Core/Src/glove/glove.o
                0x08002cf0                init_island
 .text.glove_update_data
                0x08003098       0x9c ./Core/Src/glove/glove.o
                0x08003098                glove_update_data
 .text.glove_send_quat_data
                0x08003134       0xe4 ./Core/Src/glove/glove.o
                0x08003134                glove_send_quat_data
 .text.glove_send_mag_data
                0x08003218       0x9c ./Core/Src/glove/glove.o
                0x08003218                glove_send_mag_data
 .text.glove_coms_write
                0x080032b4       0x80 ./Core/Src/glove/glove.o
                0x080032b4                glove_coms_write
 .text.flush_glove
                0x08003334       0x78 ./Core/Src/glove/glove.o
                0x08003334                flush_glove
 .text.flush_mag_island
                0x080033ac       0x3c ./Core/Src/glove/glove.o
                0x080033ac                flush_mag_island
 .text.flush_quat_island
                0x080033e8       0x3c ./Core/Src/glove/glove.o
                0x080033e8                flush_quat_island
 .text.MX_GPIO_Init
                0x08003424      0x140 ./Core/Src/gpio.o
                0x08003424                MX_GPIO_Init
 .text.MX_I2C1_Init
                0x08003564       0x70 ./Core/Src/i2c.o
                0x08003564                MX_I2C1_Init
 .text.MX_I2C2_Init
                0x080035d4       0x5c ./Core/Src/i2c.o
                0x080035d4                MX_I2C2_Init
 .text.HAL_I2C_MspInit
                0x08003630      0x16c ./Core/Src/i2c.o
                0x08003630                HAL_I2C_MspInit
 .text.tud_cdc_write
                0x0800379c       0x1e ./Core/Src/main.o
 .text.tud_cdc_write_flush
                0x080037ba       0x10 ./Core/Src/main.o
 *fill*         0x080037ca        0x2 
 .text.main     0x080037cc       0x78 ./Core/Src/main.o
                0x080037cc                main
 .text.SystemClock_Config
                0x08003844       0xe8 ./Core/Src/main.o
                0x08003844                SystemClock_Config
 .text.PeriphCommonClock_Config
                0x0800392c       0x50 ./Core/Src/main.o
                0x0800392c                PeriphCommonClock_Config
 .text.__io_putchar
                0x0800397c       0x24 ./Core/Src/main.o
                0x0800397c                __io_putchar
 .text._write   0x080039a0       0x38 ./Core/Src/main.o
                0x080039a0                _write
 .text.HAL_TIM_PeriodElapsedCallback
                0x080039d8       0x3c ./Core/Src/main.o
                0x080039d8                HAL_TIM_PeriodElapsedCallback
 .text.Error_Handler
                0x08003a14        0xc ./Core/Src/main.o
                0x08003a14                Error_Handler
 .text.HAL_MspInit
                0x08003a20       0x50 ./Core/Src/stm32f4xx_hal_msp.o
                0x08003a20                HAL_MspInit
 .text.NMI_Handler
                0x08003a70        0x8 ./Core/Src/stm32f4xx_it.o
                0x08003a70                NMI_Handler
 .text.HardFault_Handler
                0x08003a78        0x8 ./Core/Src/stm32f4xx_it.o
                0x08003a78                HardFault_Handler
 .text.MemManage_Handler
                0x08003a80        0x8 ./Core/Src/stm32f4xx_it.o
                0x08003a80                MemManage_Handler
 .text.BusFault_Handler
                0x08003a88        0x8 ./Core/Src/stm32f4xx_it.o
                0x08003a88                BusFault_Handler
 .text.UsageFault_Handler
                0x08003a90        0x8 ./Core/Src/stm32f4xx_it.o
                0x08003a90                UsageFault_Handler
 .text.SVC_Handler
                0x08003a98        0xe ./Core/Src/stm32f4xx_it.o
                0x08003a98                SVC_Handler
 .text.DebugMon_Handler
                0x08003aa6        0xe ./Core/Src/stm32f4xx_it.o
                0x08003aa6                DebugMon_Handler
 .text.PendSV_Handler
                0x08003ab4        0xe ./Core/Src/stm32f4xx_it.o
                0x08003ab4                PendSV_Handler
 .text.SysTick_Handler
                0x08003ac2        0xc ./Core/Src/stm32f4xx_it.o
                0x08003ac2                SysTick_Handler
 *fill*         0x08003ace        0x2 
 .text.I2C1_EV_IRQHandler
                0x08003ad0       0x14 ./Core/Src/stm32f4xx_it.o
                0x08003ad0                I2C1_EV_IRQHandler
 .text.I2C2_EV_IRQHandler
                0x08003ae4       0x14 ./Core/Src/stm32f4xx_it.o
                0x08003ae4                I2C2_EV_IRQHandler
 .text.I2C2_ER_IRQHandler
                0x08003af8       0x14 ./Core/Src/stm32f4xx_it.o
                0x08003af8                I2C2_ER_IRQHandler
 .text.TIM8_UP_TIM13_IRQHandler
                0x08003b0c       0x14 ./Core/Src/stm32f4xx_it.o
                0x08003b0c                TIM8_UP_TIM13_IRQHandler
 .text.OTG_HS_IRQHandler
                0x08003b20        0xe ./Core/Src/stm32f4xx_it.o
                0x08003b20                OTG_HS_IRQHandler
 .text._getpid  0x08003b2e       0x10 ./Core/Src/syscalls.o
                0x08003b2e                _getpid
 .text._kill    0x08003b3e       0x20 ./Core/Src/syscalls.o
                0x08003b3e                _kill
 .text._exit    0x08003b5e       0x16 ./Core/Src/syscalls.o
                0x08003b5e                _exit
 .text._read    0x08003b74       0x3a ./Core/Src/syscalls.o
                0x08003b74                _read
 .text._close   0x08003bae       0x18 ./Core/Src/syscalls.o
                0x08003bae                _close
 .text._fstat   0x08003bc6       0x20 ./Core/Src/syscalls.o
                0x08003bc6                _fstat
 .text._isatty  0x08003be6       0x16 ./Core/Src/syscalls.o
                0x08003be6                _isatty
 .text._lseek   0x08003bfc       0x1a ./Core/Src/syscalls.o
                0x08003bfc                _lseek
 *fill*         0x08003c16        0x2 
 .text._sbrk    0x08003c18       0x6c ./Core/Src/sysmem.o
                0x08003c18                _sbrk
 .text.SystemInit
                0x08003c84       0x24 ./Core/Src/system_stm32f4xx.o
                0x08003c84                SystemInit
 .text.MX_TIM1_Init
                0x08003ca8       0xb8 ./Core/Src/tim.o
                0x08003ca8                MX_TIM1_Init
 .text.MX_TIM8_Init
                0x08003d60       0xa0 ./Core/Src/tim.o
                0x08003d60                MX_TIM8_Init
 .text.HAL_TIM_Base_MspInit
                0x08003e00       0x7c ./Core/Src/tim.o
                0x08003e00                HAL_TIM_Base_MspInit
 .text.MX_USB_OTG_HS_PCD_Init
                0x08003e7c       0x64 ./Core/Src/usb_otg.o
                0x08003e7c                MX_USB_OTG_HS_PCD_Init
 .text.HAL_PCD_MspInit
                0x08003ee0       0xa0 ./Core/Src/usb_otg.o
                0x08003ee0                HAL_PCD_MspInit
 .text.tud_descriptor_device_cb
                0x08003f80       0x14 ./Core/Src/usb/usb_descriptors.o
                0x08003f80                tud_descriptor_device_cb
 .text.tud_descriptor_configuration_cb
                0x08003f94       0x1c ./Core/Src/usb/usb_descriptors.o
                0x08003f94                tud_descriptor_configuration_cb
 .text.tud_descriptor_string_cb
                0x08003fb0       0xa4 ./Core/Src/usb/usb_descriptors.o
                0x08003fb0                tud_descriptor_string_cb
 .text.__NVIC_SystemReset
                0x08004054       0x2c ./Core/Src/usb/usb_dfu_rt.o
 .text.tud_dfu_runtime_reboot_to_dfu_cb
                0x08004080       0x20 ./Core/Src/usb/usb_dfu_rt.o
                0x08004080                tud_dfu_runtime_reboot_to_dfu_cb
 .text.Reset_Handler
                0x080040a0       0x50 ./Core/Startup/startup_stm32f446retx.o
                0x080040a0                Reset_Handler
 .text.Default_Handler
                0x080040f0        0x0 ./Core/Startup/startup_stm32f446retx.o
                0x080040f0                RTC_Alarm_IRQHandler
                0x080040f0                EXTI2_IRQHandler
                0x080040f0                TIM8_CC_IRQHandler
                0x080040f0                FMPI2C1_EV_IRQHandler
                0x080040f0                SPI4_IRQHandler
                0x080040f0                TIM1_CC_IRQHandler
                0x080040f0                DMA2_Stream5_IRQHandler
                0x080040f0                DMA1_Stream5_IRQHandler
                0x080040f0                PVD_IRQHandler
                0x080040f0                SDIO_IRQHandler
                0x080040f0                TAMP_STAMP_IRQHandler
                0x080040f0                CAN2_RX1_IRQHandler
                0x080040f0                EXTI3_IRQHandler
                0x080040f0                TIM8_TRG_COM_TIM14_IRQHandler
                0x080040f0                TIM1_UP_TIM10_IRQHandler
                0x080040f0                I2C3_ER_IRQHandler
                0x080040f0                EXTI0_IRQHandler
                0x080040f0                DMA1_Stream2_IRQHandler
                0x080040f0                CAN1_RX0_IRQHandler
                0x080040f0                FPU_IRQHandler
                0x080040f0                OTG_HS_WKUP_IRQHandler
                0x080040f0                CAN2_SCE_IRQHandler
                0x080040f0                DMA2_Stream2_IRQHandler
                0x080040f0                SPI1_IRQHandler
                0x080040f0                TIM6_DAC_IRQHandler
                0x080040f0                TIM1_BRK_TIM9_IRQHandler
                0x080040f0                DCMI_IRQHandler
                0x080040f0                CAN2_RX0_IRQHandler
                0x080040f0                DMA2_Stream3_IRQHandler
                0x080040f0                SAI2_IRQHandler
                0x080040f0                USART6_IRQHandler
                0x080040f0                USART3_IRQHandler
                0x080040f0                CAN1_RX1_IRQHandler
                0x080040f0                UART5_IRQHandler
                0x080040f0                DMA2_Stream0_IRQHandler
                0x080040f0                TIM4_IRQHandler
                0x080040f0                QUADSPI_IRQHandler
                0x080040f0                DMA1_Stream6_IRQHandler
                0x080040f0                DMA1_Stream1_IRQHandler
                0x080040f0                UART4_IRQHandler
                0x080040f0                TIM3_IRQHandler
                0x080040f0                RCC_IRQHandler
                0x080040f0                TIM8_BRK_TIM12_IRQHandler
                0x080040f0                Default_Handler
                0x080040f0                CEC_IRQHandler
                0x080040f0                EXTI15_10_IRQHandler
                0x080040f0                ADC_IRQHandler
                0x080040f0                DMA1_Stream7_IRQHandler
                0x080040f0                TIM7_IRQHandler
                0x080040f0                CAN2_TX_IRQHandler
                0x080040f0                TIM5_IRQHandler
                0x080040f0                DMA2_Stream7_IRQHandler
                0x080040f0                I2C3_EV_IRQHandler
                0x080040f0                EXTI9_5_IRQHandler
                0x080040f0                RTC_WKUP_IRQHandler
                0x080040f0                SPDIF_RX_IRQHandler
                0x080040f0                SPI2_IRQHandler
                0x080040f0                OTG_HS_EP1_IN_IRQHandler
                0x080040f0                DMA1_Stream0_IRQHandler
                0x080040f0                CAN1_TX_IRQHandler
                0x080040f0                FMPI2C1_ER_IRQHandler
                0x080040f0                EXTI4_IRQHandler
                0x080040f0                OTG_HS_EP1_OUT_IRQHandler
                0x080040f0                WWDG_IRQHandler
                0x080040f0                TIM2_IRQHandler
                0x080040f0                OTG_FS_WKUP_IRQHandler
                0x080040f0                TIM1_TRG_COM_TIM11_IRQHandler
                0x080040f0                EXTI1_IRQHandler
                0x080040f0                USART2_IRQHandler
                0x080040f0                DMA2_Stream1_IRQHandler
                0x080040f0                CAN1_SCE_IRQHandler
                0x080040f0                FLASH_IRQHandler
                0x080040f0                DMA2_Stream4_IRQHandler
                0x080040f0                USART1_IRQHandler
                0x080040f0                OTG_FS_IRQHandler
                0x080040f0                SPI3_IRQHandler
                0x080040f0                DMA1_Stream4_IRQHandler
                0x080040f0                I2C1_ER_IRQHandler
                0x080040f0                FMC_IRQHandler
                0x080040f0                DMA2_Stream6_IRQHandler
                0x080040f0                SAI1_IRQHandler
                0x080040f0                DMA1_Stream3_IRQHandler
 .text.HAL_Init
                0x080040f0       0x44 ./Drivers/STM32F4xx_HAL_Driver/Src/stm32f4xx_hal.o
                0x080040f0                HAL_Init
 .text.HAL_InitTick
                0x08004134       0x60 ./Drivers/STM32F4xx_HAL_Driver/Src/stm32f4xx_hal.o
                0x08004134                HAL_InitTick
 .text.HAL_IncTick
                0x08004194       0x28 ./Drivers/STM32F4xx_HAL_Driver/Src/stm32f4xx_hal.o
                0x08004194                HAL_IncTick
 .text.HAL_GetTick
                0x080041bc       0x18 ./Drivers/STM32F4xx_HAL_Driver/Src/stm32f4xx_hal.o
                0x080041bc                HAL_GetTick
 .text.HAL_Delay
                0x080041d4       0x48 ./Drivers/STM32F4xx_HAL_Driver/Src/stm32f4xx_hal.o
                0x080041d4                HAL_Delay
 .text.__NVIC_SetPriorityGrouping
                0x0800421c       0x48 ./Drivers/STM32F4xx_HAL_Driver/Src/stm32f4xx_hal_cortex.o
 .text.__NVIC_GetPriorityGrouping
                0x08004264       0x1c ./Drivers/STM32F4xx_HAL_Driver/Src/stm32f4xx_hal_cortex.o
 .text.__NVIC_EnableIRQ
                0x08004280       0x3c ./Drivers/STM32F4xx_HAL_Driver/Src/stm32f4xx_hal_cortex.o
 .text.__NVIC_SetPriority
                0x080042bc       0x54 ./Drivers/STM32F4xx_HAL_Driver/Src/stm32f4xx_hal_cortex.o
 .text.NVIC_EncodePriority
                0x08004310       0x66 ./Drivers/STM32F4xx_HAL_Driver/Src/stm32f4xx_hal_cortex.o
 *fill*         0x08004376        0x2 
 .text.SysTick_Config
                0x08004378       0x44 ./Drivers/STM32F4xx_HAL_Driver/Src/stm32f4xx_hal_cortex.o
 .text.HAL_NVIC_SetPriorityGrouping
                0x080043bc       0x16 ./Drivers/STM32F4xx_HAL_Driver/Src/stm32f4xx_hal_cortex.o
                0x080043bc                HAL_NVIC_SetPriorityGrouping
 .text.HAL_NVIC_SetPriority
                0x080043d2       0x38 ./Drivers/STM32F4xx_HAL_Driver/Src/stm32f4xx_hal_cortex.o
                0x080043d2                HAL_NVIC_SetPriority
 .text.HAL_NVIC_EnableIRQ
                0x0800440a       0x1c ./Drivers/STM32F4xx_HAL_Driver/Src/stm32f4xx_hal_cortex.o
                0x0800440a                HAL_NVIC_EnableIRQ
 .text.HAL_SYSTICK_Config
                0x08004426       0x18 ./Drivers/STM32F4xx_HAL_Driver/Src/stm32f4xx_hal_cortex.o
                0x08004426                HAL_SYSTICK_Config
 .text.HAL_DMA_Abort_IT
                0x0800443e       0x44 ./Drivers/STM32F4xx_HAL_Driver/Src/stm32f4xx_hal_dma.o
                0x0800443e                HAL_DMA_Abort_IT
 .text.HAL_DMA_GetState
                0x08004482       0x1c ./Drivers/STM32F4xx_HAL_Driver/Src/stm32f4xx_hal_dma.o
                0x08004482                HAL_DMA_GetState
 *fill*         0x0800449e        0x2 
 .text.HAL_GPIO_Init
                0x080044a0      0x328 ./Drivers/STM32F4xx_HAL_Driver/Src/stm32f4xx_hal_gpio.o
                0x080044a0                HAL_GPIO_Init
 .text.HAL_GPIO_WritePin
                0x080047c8       0x32 ./Drivers/STM32F4xx_HAL_Driver/Src/stm32f4xx_hal_gpio.o
                0x080047c8                HAL_GPIO_WritePin
 .text.HAL_GPIO_TogglePin
                0x080047fa       0x34 ./Drivers/STM32F4xx_HAL_Driver/Src/stm32f4xx_hal_gpio.o
                0x080047fa                HAL_GPIO_TogglePin
 *fill*         0x0800482e        0x2 
 .text.HAL_I2C_Init
                0x08004830      0x288 ./Drivers/STM32F4xx_HAL_Driver/Src/stm32f4xx_hal_i2c.o
                0x08004830                HAL_I2C_Init
 .text.HAL_I2C_Master_Transmit
                0x08004ab8      0x1fc ./Drivers/STM32F4xx_HAL_Driver/Src/stm32f4xx_hal_i2c.o
                0x08004ab8                HAL_I2C_Master_Transmit
 .text.HAL_I2C_Mem_Write
                0x08004cb4      0x1f4 ./Drivers/STM32F4xx_HAL_Driver/Src/stm32f4xx_hal_i2c.o
                0x08004cb4                HAL_I2C_Mem_Write
 .text.HAL_I2C_Mem_Read
                0x08004ea8      0x44c ./Drivers/STM32F4xx_HAL_Driver/Src/stm32f4xx_hal_i2c.o
                0x08004ea8                HAL_I2C_Mem_Read
 .text.HAL_I2C_EV_IRQHandler
                0x080052f4      0x2a6 ./Drivers/STM32F4xx_HAL_Driver/Src/stm32f4xx_hal_i2c.o
                0x080052f4                HAL_I2C_EV_IRQHandler
 .text.HAL_I2C_ER_IRQHandler
                0x0800559a      0x13e ./Drivers/STM32F4xx_HAL_Driver/Src/stm32f4xx_hal_i2c.o
                0x0800559a                HAL_I2C_ER_IRQHandler
 .text.HAL_I2C_MasterTxCpltCallback
                0x080056d8       0x14 ./Drivers/STM32F4xx_HAL_Driver/Src/stm32f4xx_hal_i2c.o
                0x080056d8                HAL_I2C_MasterTxCpltCallback
 .text.HAL_I2C_MasterRxCpltCallback
                0x080056ec       0x14 ./Drivers/STM32F4xx_HAL_Driver/Src/stm32f4xx_hal_i2c.o
                0x080056ec                HAL_I2C_MasterRxCpltCallback
 .text.HAL_I2C_SlaveTxCpltCallback
                0x08005700       0x14 ./Drivers/STM32F4xx_HAL_Driver/Src/stm32f4xx_hal_i2c.o
                0x08005700                HAL_I2C_SlaveTxCpltCallback
 .text.HAL_I2C_SlaveRxCpltCallback
                0x08005714       0x14 ./Drivers/STM32F4xx_HAL_Driver/Src/stm32f4xx_hal_i2c.o
                0x08005714                HAL_I2C_SlaveRxCpltCallback
 .text.HAL_I2C_AddrCallback
                0x08005728       0x1c ./Drivers/STM32F4xx_HAL_Driver/Src/stm32f4xx_hal_i2c.o
                0x08005728                HAL_I2C_AddrCallback
 .text.HAL_I2C_ListenCpltCallback
                0x08005744       0x14 ./Drivers/STM32F4xx_HAL_Driver/Src/stm32f4xx_hal_i2c.o
                0x08005744                HAL_I2C_ListenCpltCallback
 .text.HAL_I2C_MemTxCpltCallback
                0x08005758       0x14 ./Drivers/STM32F4xx_HAL_Driver/Src/stm32f4xx_hal_i2c.o
                0x08005758                HAL_I2C_MemTxCpltCallback
 .text.HAL_I2C_MemRxCpltCallback
                0x0800576c       0x14 ./Drivers/STM32F4xx_HAL_Driver/Src/stm32f4xx_hal_i2c.o
                0x0800576c                HAL_I2C_MemRxCpltCallback
 .text.HAL_I2C_ErrorCallback
                0x08005780       0x14 ./Drivers/STM32F4xx_HAL_Driver/Src/stm32f4xx_hal_i2c.o
                0x08005780                HAL_I2C_ErrorCallback
 .text.HAL_I2C_AbortCpltCallback
                0x08005794       0x14 ./Drivers/STM32F4xx_HAL_Driver/Src/stm32f4xx_hal_i2c.o
                0x08005794                HAL_I2C_AbortCpltCallback
 .text.I2C_MasterTransmit_TXE
                0x080057a8      0x138 ./Drivers/STM32F4xx_HAL_Driver/Src/stm32f4xx_hal_i2c.o
 .text.I2C_MasterTransmit_BTF
                0x080058e0       0xec ./Drivers/STM32F4xx_HAL_Driver/Src/stm32f4xx_hal_i2c.o
 .text.I2C_MemoryTransmit_TXE_BTF
                0x080059cc      0x128 ./Drivers/STM32F4xx_HAL_Driver/Src/stm32f4xx_hal_i2c.o
 .text.I2C_MasterReceive_RXNE
                0x08005af4      0x176 ./Drivers/STM32F4xx_HAL_Driver/Src/stm32f4xx_hal_i2c.o
 .text.I2C_MasterReceive_BTF
                0x08005c6a      0x1d4 ./Drivers/STM32F4xx_HAL_Driver/Src/stm32f4xx_hal_i2c.o
 .text.I2C_Master_SB
                0x08005e3e      0x10c ./Drivers/STM32F4xx_HAL_Driver/Src/stm32f4xx_hal_i2c.o
 .text.I2C_Master_ADD10
                0x08005f4a       0x54 ./Drivers/STM32F4xx_HAL_Driver/Src/stm32f4xx_hal_i2c.o
 .text.I2C_Master_ADDR
                0x08005f9e      0x322 ./Drivers/STM32F4xx_HAL_Driver/Src/stm32f4xx_hal_i2c.o
 .text.I2C_SlaveTransmit_TXE
                0x080062c0       0x7a ./Drivers/STM32F4xx_HAL_Driver/Src/stm32f4xx_hal_i2c.o
 .text.I2C_SlaveTransmit_BTF
                0x0800633a       0x42 ./Drivers/STM32F4xx_HAL_Driver/Src/stm32f4xx_hal_i2c.o
 .text.I2C_SlaveReceive_RXNE
                0x0800637c       0x7c ./Drivers/STM32F4xx_HAL_Driver/Src/stm32f4xx_hal_i2c.o
 .text.I2C_SlaveReceive_BTF
                0x080063f8       0x44 ./Drivers/STM32F4xx_HAL_Driver/Src/stm32f4xx_hal_i2c.o
 .text.I2C_Slave_ADDR
                0x0800643c       0x90 ./Drivers/STM32F4xx_HAL_Driver/Src/stm32f4xx_hal_i2c.o
 .text.I2C_Slave_STOPF
                0x080064cc      0x260 ./Drivers/STM32F4xx_HAL_Driver/Src/stm32f4xx_hal_i2c.o
 .text.I2C_Slave_AF
                0x0800672c       0xe0 ./Drivers/STM32F4xx_HAL_Driver/Src/stm32f4xx_hal_i2c.o
 .text.I2C_ITError
                0x0800680c      0x264 ./Drivers/STM32F4xx_HAL_Driver/Src/stm32f4xx_hal_i2c.o
 .text.I2C_MasterRequestWrite
                0x08006a70      0x104 ./Drivers/STM32F4xx_HAL_Driver/Src/stm32f4xx_hal_i2c.o
 .text.I2C_RequestMemoryWrite
                0x08006b74      0x12c ./Drivers/STM32F4xx_HAL_Driver/Src/stm32f4xx_hal_i2c.o
 .text.I2C_RequestMemoryRead
                0x08006ca0      0x1d0 ./Drivers/STM32F4xx_HAL_Driver/Src/stm32f4xx_hal_i2c.o
 .text.I2C_DMAAbort
                0x08006e70      0x150 ./Drivers/STM32F4xx_HAL_Driver/Src/stm32f4xx_hal_i2c.o
 .text.I2C_WaitOnFlagUntilTimeout
                0x08006fc0       0xae ./Drivers/STM32F4xx_HAL_Driver/Src/stm32f4xx_hal_i2c.o
 .text.I2C_WaitOnMasterAddressFlagUntilTimeout
                0x0800706e       0xfe ./Drivers/STM32F4xx_HAL_Driver/Src/stm32f4xx_hal_i2c.o
 .text.I2C_WaitOnTXEFlagUntilTimeout
                0x0800716c       0x82 ./Drivers/STM32F4xx_HAL_Driver/Src/stm32f4xx_hal_i2c.o
 .text.I2C_WaitOnBTFFlagUntilTimeout
                0x080071ee       0x82 ./Drivers/STM32F4xx_HAL_Driver/Src/stm32f4xx_hal_i2c.o
 .text.I2C_WaitOnSTOPRequestThroughIT
                0x08007270       0x64 ./Drivers/STM32F4xx_HAL_Driver/Src/stm32f4xx_hal_i2c.o
 .text.I2C_WaitOnRXNEFlagUntilTimeout
                0x080072d4       0xac ./Drivers/STM32F4xx_HAL_Driver/Src/stm32f4xx_hal_i2c.o
 .text.I2C_IsAcknowledgeFailed
                0x08007380       0x5e ./Drivers/STM32F4xx_HAL_Driver/Src/stm32f4xx_hal_i2c.o
 .text.I2C_ConvertOtherXferOptions
                0x080073de       0x36 ./Drivers/STM32F4xx_HAL_Driver/Src/stm32f4xx_hal_i2c.o
 .text.HAL_I2CEx_ConfigAnalogFilter
                0x08007414       0x78 ./Drivers/STM32F4xx_HAL_Driver/Src/stm32f4xx_hal_i2c_ex.o
                0x08007414                HAL_I2CEx_ConfigAnalogFilter
 .text.HAL_PCD_Init
                0x0800748c      0x248 ./Drivers/STM32F4xx_HAL_Driver/Src/stm32f4xx_hal_pcd.o
                0x0800748c                HAL_PCD_Init
 .text.HAL_PCDEx_ActivateLPM
                0x080076d4       0x48 ./Drivers/STM32F4xx_HAL_Driver/Src/stm32f4xx_hal_pcd_ex.o
                0x080076d4                HAL_PCDEx_ActivateLPM
 .text.HAL_PWREx_EnableOverDrive
                0x0800771c       0xa0 ./Drivers/STM32F4xx_HAL_Driver/Src/stm32f4xx_hal_pwr_ex.o
                0x0800771c                HAL_PWREx_EnableOverDrive
 .text.HAL_RCC_ClockConfig
                0x080077bc      0x1cc ./Drivers/STM32F4xx_HAL_Driver/Src/stm32f4xx_hal_rcc.o
                0x080077bc                HAL_RCC_ClockConfig
 .text.HAL_RCC_GetHCLKFreq
                0x08007988       0x18 ./Drivers/STM32F4xx_HAL_Driver/Src/stm32f4xx_hal_rcc.o
                0x08007988                HAL_RCC_GetHCLKFreq
 .text.HAL_RCC_GetPCLK1Freq
                0x080079a0       0x28 ./Drivers/STM32F4xx_HAL_Driver/Src/stm32f4xx_hal_rcc.o
                0x080079a0                HAL_RCC_GetPCLK1Freq
 .text.HAL_RCCEx_PeriphCLKConfig
                0x080079c8      0x654 ./Drivers/STM32F4xx_HAL_Driver/Src/stm32f4xx_hal_rcc_ex.o
                0x080079c8                HAL_RCCEx_PeriphCLKConfig
 .text.HAL_RCC_GetSysClockFreq
                0x0800801c      0x460 ./Drivers/STM32F4xx_HAL_Driver/Src/stm32f4xx_hal_rcc_ex.o
                0x0800801c                HAL_RCC_GetSysClockFreq
 .text.HAL_RCC_OscConfig
                0x0800847c      0x53c ./Drivers/STM32F4xx_HAL_Driver/Src/stm32f4xx_hal_rcc_ex.o
                0x0800847c                HAL_RCC_OscConfig
 .text.HAL_TIM_Base_Init
                0x080089b8       0x9e ./Drivers/STM32F4xx_HAL_Driver/Src/stm32f4xx_hal_tim.o
                0x080089b8                HAL_TIM_Base_Init
 *fill*         0x08008a56        0x2 
 .text.HAL_TIM_Base_Start
                0x08008a58       0xd0 ./Drivers/STM32F4xx_HAL_Driver/Src/stm32f4xx_hal_tim.o
                0x08008a58                HAL_TIM_Base_Start
 .text.HAL_TIM_Base_Start_IT
                0x08008b28       0xe0 ./Drivers/STM32F4xx_HAL_Driver/Src/stm32f4xx_hal_tim.o
                0x08008b28                HAL_TIM_Base_Start_IT
 .text.HAL_TIM_IRQHandler
                0x08008c08      0x210 ./Drivers/STM32F4xx_HAL_Driver/Src/stm32f4xx_hal_tim.o
                0x08008c08                HAL_TIM_IRQHandler
 .text.HAL_TIM_ConfigClockSource
                0x08008e18      0x18e ./Drivers/STM32F4xx_HAL_Driver/Src/stm32f4xx_hal_tim.o
                0x08008e18                HAL_TIM_ConfigClockSource
 .text.HAL_TIM_OC_DelayElapsedCallback
                0x08008fa6       0x14 ./Drivers/STM32F4xx_HAL_Driver/Src/stm32f4xx_hal_tim.o
                0x08008fa6                HAL_TIM_OC_DelayElapsedCallback
 .text.HAL_TIM_IC_CaptureCallback
                0x08008fba       0x14 ./Drivers/STM32F4xx_HAL_Driver/Src/stm32f4xx_hal_tim.o
                0x08008fba                HAL_TIM_IC_CaptureCallback
 .text.HAL_TIM_PWM_PulseFinishedCallback
                0x08008fce       0x14 ./Drivers/STM32F4xx_HAL_Driver/Src/stm32f4xx_hal_tim.o
                0x08008fce                HAL_TIM_PWM_PulseFinishedCallback
 .text.HAL_TIM_TriggerCallback
                0x08008fe2       0x14 ./Drivers/STM32F4xx_HAL_Driver/Src/stm32f4xx_hal_tim.o
                0x08008fe2                HAL_TIM_TriggerCallback
 *fill*         0x08008ff6        0x2 
 .text.TIM_Base_SetConfig
                0x08008ff8      0x140 ./Drivers/STM32F4xx_HAL_Driver/Src/stm32f4xx_hal_tim.o
                0x08008ff8                TIM_Base_SetConfig
 .text.TIM_TI1_ConfigInputStage
                0x08009138       0x5e ./Drivers/STM32F4xx_HAL_Driver/Src/stm32f4xx_hal_tim.o
 .text.TIM_TI2_ConfigInputStage
                0x08009196       0x60 ./Drivers/STM32F4xx_HAL_Driver/Src/stm32f4xx_hal_tim.o
 .text.TIM_ITRx_SetConfig
                0x080091f6       0x36 ./Drivers/STM32F4xx_HAL_Driver/Src/stm32f4xx_hal_tim.o
 .text.TIM_ETR_SetConfig
                0x0800922c       0x40 ./Drivers/STM32F4xx_HAL_Driver/Src/stm32f4xx_hal_tim.o
                0x0800922c                TIM_ETR_SetConfig
 .text.HAL_TIMEx_MasterConfigSynchronization
                0x0800926c       0xf8 ./Drivers/STM32F4xx_HAL_Driver/Src/stm32f4xx_hal_tim_ex.o
                0x0800926c                HAL_TIMEx_MasterConfigSynchronization
 .text.HAL_TIMEx_CommutCallback
                0x08009364       0x14 ./Drivers/STM32F4xx_HAL_Driver/Src/stm32f4xx_hal_tim_ex.o
                0x08009364                HAL_TIMEx_CommutCallback
 .text.HAL_TIMEx_BreakCallback
                0x08009378       0x14 ./Drivers/STM32F4xx_HAL_Driver/Src/stm32f4xx_hal_tim_ex.o
                0x08009378                HAL_TIMEx_BreakCallback
 .text.USB_CoreInit
                0x0800938c       0xc2 ./Drivers/STM32F4xx_HAL_Driver/Src/stm32f4xx_ll_usb.o
                0x0800938c                USB_CoreInit
 .text.USB_DisableGlobalInt
                0x0800944e       0x22 ./Drivers/STM32F4xx_HAL_Driver/Src/stm32f4xx_ll_usb.o
                0x0800944e                USB_DisableGlobalInt
 .text.USB_SetCurrentMode
                0x08009470       0x98 ./Drivers/STM32F4xx_HAL_Driver/Src/stm32f4xx_ll_usb.o
                0x08009470                USB_SetCurrentMode
 .text.USB_DevInit
                0x08009508      0x2bc ./Drivers/STM32F4xx_HAL_Driver/Src/stm32f4xx_ll_usb.o
                0x08009508                USB_DevInit
 .text.USB_FlushTxFifo
                0x080097c4       0x68 ./Drivers/STM32F4xx_HAL_Driver/Src/stm32f4xx_ll_usb.o
                0x080097c4                USB_FlushTxFifo
 .text.USB_FlushRxFifo
                0x0800982c       0x60 ./Drivers/STM32F4xx_HAL_Driver/Src/stm32f4xx_ll_usb.o
                0x0800982c                USB_FlushRxFifo
 .text.USB_SetDevSpeed
                0x0800988c       0x32 ./Drivers/STM32F4xx_HAL_Driver/Src/stm32f4xx_ll_usb.o
                0x0800988c                USB_SetDevSpeed
 .text.USB_DevDisconnect
                0x080098be       0x42 ./Drivers/STM32F4xx_HAL_Driver/Src/stm32f4xx_ll_usb.o
                0x080098be                USB_DevDisconnect
 .text.USB_GetMode
                0x08009900       0x1c ./Drivers/STM32F4xx_HAL_Driver/Src/stm32f4xx_ll_usb.o
                0x08009900                USB_GetMode
 .text.USB_CoreReset
                0x0800991c       0x68 ./Drivers/STM32F4xx_HAL_Driver/Src/stm32f4xx_ll_usb.o
 .text.check_return_value
                0x08009984       0x26 ./Drivers/bhy2/bhy2.o
 .text.bhy2_get_and_process_fifo_support
                0x080099aa       0xd6 ./Drivers/bhy2/bhy2.o
 .text.bhy2_get_and_process_fifo
                0x08009a80      0x204 ./Drivers/bhy2/bhy2.o
                0x08009a80                bhy2_get_and_process_fifo
 .text.bhy2_set_virt_sensor_cfg
                0x08009c84       0x42 ./Drivers/bhy2/bhy2.o
                0x08009c84                bhy2_set_virt_sensor_cfg
 .text.bhy2_get_product_id
                0x08009cc6       0x34 ./Drivers/bhy2/bhy2.o
                0x08009cc6                bhy2_get_product_id
 .text.bhy2_get_chip_id
                0x08009cfa       0x34 ./Drivers/bhy2/bhy2.o
                0x08009cfa                bhy2_get_chip_id
 .text.bhy2_get_kernel_version
                0x08009d2e       0x34 ./Drivers/bhy2/bhy2.o
                0x08009d2e                bhy2_get_kernel_version
 .text.bhy2_get_boot_status
                0x08009d62       0x34 ./Drivers/bhy2/bhy2.o
                0x08009d62                bhy2_get_boot_status
 .text.bhy2_get_virt_sensor_list
                0x08009d96       0x46 ./Drivers/bhy2/bhy2.o
                0x08009d96                bhy2_get_virt_sensor_list
 .text.bhy2_upload_firmware_to_ram_partly
                0x08009ddc       0x44 ./Drivers/bhy2/bhy2.o
                0x08009ddc                bhy2_upload_firmware_to_ram_partly
 .text.bhy2_boot_from_ram
                0x08009e20       0x30 ./Drivers/bhy2/bhy2.o
                0x08009e20                bhy2_boot_from_ram
 .text.bhy2_set_chip_ctrl
                0x08009e50       0x38 ./Drivers/bhy2/bhy2.o
                0x08009e50                bhy2_set_chip_ctrl
 .text.bhy2_set_host_interrupt_ctrl
                0x08009e88       0x38 ./Drivers/bhy2/bhy2.o
                0x08009e88                bhy2_set_host_interrupt_ctrl
 .text.bhy2_set_host_intf_ctrl
                0x08009ec0       0x38 ./Drivers/bhy2/bhy2.o
                0x08009ec0                bhy2_set_host_intf_ctrl
 .text.bhy2_flush_fifo
                0x08009ef8       0x38 ./Drivers/bhy2/bhy2.o
                0x08009ef8                bhy2_flush_fifo
 .text.bhy2_soft_reset
                0x08009f30       0x30 ./Drivers/bhy2/bhy2.o
                0x08009f30                bhy2_soft_reset
 .text.bhy2_get_phys_sensor_info
                0x08009f60       0x40 ./Drivers/bhy2/bhy2.o
                0x08009f60                bhy2_get_phys_sensor_info
 .text.bhy2_init
                0x08009fa0       0x54 ./Drivers/bhy2/bhy2.o
                0x08009fa0                bhy2_init
 .text.bhy2_register_fifo_parse_callback
                0x08009ff4       0xa6 ./Drivers/bhy2/bhy2.o
                0x08009ff4                bhy2_register_fifo_parse_callback
 *fill*         0x0800a09a        0x2 
 .text.bhy2_update_virtual_sensor_list
                0x0800a09c      0x108 ./Drivers/bhy2/bhy2.o
                0x0800a09c                bhy2_update_virtual_sensor_list
 .text.get_callback_info
                0x0800a1a4       0xe4 ./Drivers/bhy2/bhy2.o
 .text.get_buffer_status
                0x0800a288       0x3a ./Drivers/bhy2/bhy2.o
 .text.get_time_stamp
                0x0800a2c2       0x3c ./Drivers/bhy2/bhy2.o
 .text.parse_fifo_support
                0x0800a2fe       0x76 ./Drivers/bhy2/bhy2.o
 .text.parse_fifo
                0x0800a374      0x3b0 ./Drivers/bhy2/bhy2.o
 .text.bhy2_hif_exec_cmd_generic_support
                0x0800a724       0xbe ./Drivers/bhy2/bhy2_hif.o
 .text.bhy2_hif_exec_cmd_generic
                0x0800a7e2      0x302 ./Drivers/bhy2/bhy2_hif.o
 .text.bhy2_hif_wait_status_ready
                0x0800aae4       0x72 ./Drivers/bhy2/bhy2_hif.o
                0x0800aae4                bhy2_hif_wait_status_ready
 .text.bhy2_hif_check_boot_status_ram
                0x0800ab56       0x8e ./Drivers/bhy2/bhy2_hif.o
 .text.bhy2_hif_get_fifo
                0x0800abe4      0x118 ./Drivers/bhy2/bhy2_hif.o
 .text.bhy2_hif_init
                0x0800acfc       0x7c ./Drivers/bhy2/bhy2_hif.o
                0x0800acfc                bhy2_hif_init
 .text.bhy2_hif_get_regs
                0x0800ad78       0x70 ./Drivers/bhy2/bhy2_hif.o
                0x0800ad78                bhy2_hif_get_regs
 .text.bhy2_hif_set_regs
                0x0800ade8       0x70 ./Drivers/bhy2/bhy2_hif.o
                0x0800ade8                bhy2_hif_set_regs
 .text.bhy2_hif_delay_us
                0x0800ae58       0x3c ./Drivers/bhy2/bhy2_hif.o
                0x0800ae58                bhy2_hif_delay_us
 .text.bhy2_hif_exec_cmd
                0x0800ae94       0x32 ./Drivers/bhy2/bhy2_hif.o
                0x0800ae94                bhy2_hif_exec_cmd
 .text.bhy2_hif_get_parameter
                0x0800aec6      0x110 ./Drivers/bhy2/bhy2_hif.o
                0x0800aec6                bhy2_hif_get_parameter
 .text.bhy2_hif_get_product_id
                0x0800afd6       0x20 ./Drivers/bhy2/bhy2_hif.o
                0x0800afd6                bhy2_hif_get_product_id
 .text.bhy2_hif_get_chip_id
                0x0800aff6       0x20 ./Drivers/bhy2/bhy2_hif.o
                0x0800aff6                bhy2_hif_get_chip_id
 .text.bhy2_hif_get_kernel_version
                0x0800b016       0x48 ./Drivers/bhy2/bhy2_hif.o
                0x0800b016                bhy2_hif_get_kernel_version
 .text.bhy2_hif_get_boot_status
                0x0800b05e       0x20 ./Drivers/bhy2/bhy2_hif.o
                0x0800b05e                bhy2_hif_get_boot_status
 .text.bhy2_hif_get_interrupt_status
                0x0800b07e       0x20 ./Drivers/bhy2/bhy2_hif.o
                0x0800b07e                bhy2_hif_get_interrupt_status
 .text.bhy2_hif_reset
                0x0800b09e       0x92 ./Drivers/bhy2/bhy2_hif.o
                0x0800b09e                bhy2_hif_reset
 .text.bhy2_hif_upload_firmware_to_ram_partly
                0x0800b130       0x94 ./Drivers/bhy2/bhy2_hif.o
                0x0800b130                bhy2_hif_upload_firmware_to_ram_partly
 .text.bhy2_hif_boot_program_ram
                0x0800b1c4       0x36 ./Drivers/bhy2/bhy2_hif.o
                0x0800b1c4                bhy2_hif_boot_program_ram
 .text.bhy2_hif_get_wakeup_fifo
                0x0800b1fa       0x2c ./Drivers/bhy2/bhy2_hif.o
                0x0800b1fa                bhy2_hif_get_wakeup_fifo
 .text.bhy2_hif_get_nonwakeup_fifo
                0x0800b226       0x2c ./Drivers/bhy2/bhy2_hif.o
                0x0800b226                bhy2_hif_get_nonwakeup_fifo
 .text.bhy2_hif_get_status_fifo
                0x0800b252       0x96 ./Drivers/bhy2/bhy2_hif.o
                0x0800b252                bhy2_hif_get_status_fifo
 .text.bhy2_hif_get_status_fifo_async
                0x0800b2e8       0x2c ./Drivers/bhy2/bhy2_hif.o
                0x0800b2e8                bhy2_hif_get_status_fifo_async
 .text.bhy2_hif_exec_sensor_conf_cmd
                0x0800b314       0x66 ./Drivers/bhy2/bhy2_hif.o
                0x0800b314                bhy2_hif_exec_sensor_conf_cmd
 .text.bhy2_hif_set_fifo_flush
                0x0800b37a       0x34 ./Drivers/bhy2/bhy2_hif.o
                0x0800b37a                bhy2_hif_set_fifo_flush
 .text.bhy2_hif_get_sensor_info
                0x0800b3ae      0x1dc ./Drivers/bhy2/bhy2_hif.o
                0x0800b3ae                bhy2_hif_get_sensor_info
 .text.bhy2_hif_get_phys_sensor_info
                0x0800b58a      0x11c ./Drivers/bhy2/bhy2_hif.o
                0x0800b58a                bhy2_hif_get_phys_sensor_info
 .text.bhy2_parse_quaternion
                0x0800b6a6       0x98 ./Drivers/bhy2/bhy2_parse.o
                0x0800b6a6                bhy2_parse_quaternion
 .text.bhy2_parse_xyz
                0x0800b73e       0x62 ./Drivers/bhy2/bhy2_parse.o
                0x0800b73e                bhy2_parse_xyz
 .text._prep_out_transaction
                0x0800b7a0       0x8a ./tinyusb/src/class/cdc/cdc_device.o
 *fill*         0x0800b82a        0x2 
 .text.tud_cdc_n_write
                0x0800b82c       0x58 ./tinyusb/src/class/cdc/cdc_device.o
                0x0800b82c                tud_cdc_n_write
 .text.tud_cdc_n_write_flush
                0x0800b884      0x110 ./tinyusb/src/class/cdc/cdc_device.o
                0x0800b884                tud_cdc_n_write_flush
 .text.cdcd_init
                0x0800b994       0xa8 ./tinyusb/src/class/cdc/cdc_device.o
                0x0800b994                cdcd_init
 .text.cdcd_reset
                0x0800ba3c       0x64 ./tinyusb/src/class/cdc/cdc_device.o
                0x0800ba3c                cdcd_reset
 .text.cdcd_open
                0x0800baa0      0x224 ./tinyusb/src/class/cdc/cdc_device.o
                0x0800baa0                cdcd_open
 .text.cdcd_control_xfer_cb
                0x0800bcc4      0x1d4 ./tinyusb/src/class/cdc/cdc_device.o
                0x0800bcc4                cdcd_control_xfer_cb
 .text.cdcd_xfer_cb
                0x0800be98      0x1a4 ./tinyusb/src/class/cdc/cdc_device.o
                0x0800be98                cdcd_xfer_cb
 .text.dfu_rtd_init
                0x0800c03c        0xe ./tinyusb/src/class/dfu/dfu_rt_device.o
                0x0800c03c                dfu_rtd_init
 .text.dfu_rtd_reset
                0x0800c04a       0x16 ./tinyusb/src/class/dfu/dfu_rt_device.o
                0x0800c04a                dfu_rtd_reset
 .text.dfu_rtd_open
                0x0800c060       0x7c ./tinyusb/src/class/dfu/dfu_rt_device.o
                0x0800c060                dfu_rtd_open
 .text.dfu_rtd_control_xfer_cb
                0x0800c0dc       0xd2 ./tinyusb/src/class/dfu/dfu_rt_device.o
                0x0800c0dc                dfu_rtd_control_xfer_cb
 .text.tu_fifo_config
                0x0800c1ae       0x66 ./tinyusb/src/common/tusb_fifo.o
                0x0800c1ae                tu_fifo_config
 .text._ff_push_const_addr
                0x0800c214       0x68 ./tinyusb/src/common/tusb_fifo.o
 .text._ff_pull_const_addr
                0x0800c27c       0x66 ./tinyusb/src/common/tusb_fifo.o
 .text._ff_push
                0x0800c2e2       0x3e ./tinyusb/src/common/tusb_fifo.o
 .text._ff_push_n
                0x0800c320      0x1bc ./tinyusb/src/common/tusb_fifo.o
 .text._ff_pull
                0x0800c4dc       0x3e ./tinyusb/src/common/tusb_fifo.o
 .text._ff_pull_n
                0x0800c51a      0x1c0 ./tinyusb/src/common/tusb_fifo.o
 .text.advance_index
                0x0800c6da       0x4c ./tinyusb/src/common/tusb_fifo.o
 .text._tu_fifo_peek
                0x0800c726       0xcc ./tinyusb/src/common/tusb_fifo.o
 .text._tu_fifo_peek_n
                0x0800c7f2       0xe0 ./tinyusb/src/common/tusb_fifo.o
 .text._tu_fifo_write_n
                0x0800c8d2      0x1a2 ./tinyusb/src/common/tusb_fifo.o
 .text._tu_fifo_read_n
                0x0800ca74       0x5e ./tinyusb/src/common/tusb_fifo.o
 .text.tu_fifo_count
                0x0800cad2       0x64 ./tinyusb/src/common/tusb_fifo.o
                0x0800cad2                tu_fifo_count
 .text.tu_fifo_empty
                0x0800cb36       0x2a ./tinyusb/src/common/tusb_fifo.o
                0x0800cb36                tu_fifo_empty
 .text.tu_fifo_full
                0x0800cb60       0x5c ./tinyusb/src/common/tusb_fifo.o
                0x0800cb60                tu_fifo_full
 .text.tu_fifo_remaining
                0x0800cbbc       0x70 ./tinyusb/src/common/tusb_fifo.o
                0x0800cbbc                tu_fifo_remaining
 .text.tu_fifo_read
                0x0800cc2c       0x48 ./tinyusb/src/common/tusb_fifo.o
                0x0800cc2c                tu_fifo_read
 .text.tu_fifo_read_n
                0x0800cc74       0x24 ./tinyusb/src/common/tusb_fifo.o
                0x0800cc74                tu_fifo_read_n
 .text.tu_fifo_read_n_const_addr_full_words
                0x0800cc98       0x24 ./tinyusb/src/common/tusb_fifo.o
                0x0800cc98                tu_fifo_read_n_const_addr_full_words
 .text.tu_fifo_write
                0x0800ccbc       0x86 ./tinyusb/src/common/tusb_fifo.o
                0x0800ccbc                tu_fifo_write
 .text.tu_fifo_write_n
                0x0800cd42       0x24 ./tinyusb/src/common/tusb_fifo.o
                0x0800cd42                tu_fifo_write_n
 .text.tu_fifo_write_n_const_addr_full_words
                0x0800cd66       0x24 ./tinyusb/src/common/tusb_fifo.o
                0x0800cd66                tu_fifo_write_n_const_addr_full_words
 .text.tu_fifo_clear
                0x0800cd8a       0x22 ./tinyusb/src/common/tusb_fifo.o
                0x0800cd8a                tu_fifo_clear
 .text.tu_fifo_set_overwritable
                0x0800cdac       0x26 ./tinyusb/src/common/tusb_fifo.o
                0x0800cdac                tu_fifo_set_overwritable
 *fill*         0x0800cdd2        0x2 
 .text.get_driver
                0x0800cdd4       0x6c ./tinyusb/src/device/usbd.o
 .text.tud_mounted
                0x0800ce40       0x24 ./tinyusb/src/device/usbd.o
                0x0800ce40                tud_mounted
 .text.tud_suspended
                0x0800ce64       0x28 ./tinyusb/src/device/usbd.o
                0x0800ce64                tud_suspended
 .text.tud_inited
                0x0800ce8c       0x20 ./tinyusb/src/device/usbd.o
                0x0800ce8c                tud_inited
 .text.tud_init
                0x0800ceac      0x10c ./tinyusb/src/device/usbd.o
                0x0800ceac                tud_init
 .text.configuration_reset
                0x0800cfb8       0xa0 ./tinyusb/src/device/usbd.o
 .text.usbd_reset
                0x0800d058       0x1e ./tinyusb/src/device/usbd.o
 *fill*         0x0800d076        0x2 
 .text.tud_task_ext
                0x0800d078      0x2b0 ./tinyusb/src/device/usbd.o
                0x0800d078                tud_task_ext
 .text.invoke_class_control
                0x0800d328       0x2e ./tinyusb/src/device/usbd.o
 *fill*         0x0800d356        0x2 
 .text.process_control_request
                0x0800d358      0x508 ./tinyusb/src/device/usbd.o
 .text.process_set_config
                0x0800d860      0x27c ./tinyusb/src/device/usbd.o
 .text.process_get_descriptor
                0x0800dadc      0x1ec ./tinyusb/src/device/usbd.o
 .text.dcd_event_handler
                0x0800dcc8      0x430 ./tinyusb/src/device/usbd.o
                0x0800dcc8                dcd_event_handler
 .text.usbd_int_set
                0x0800e0f8       0x34 ./tinyusb/src/device/usbd.o
                0x0800e0f8                usbd_int_set
 .text.usbd_open_edpt_pair
                0x0800e12c       0xf0 ./tinyusb/src/device/usbd.o
                0x0800e12c                usbd_open_edpt_pair
 .text.usbd_edpt_open
                0x0800e21c       0xa8 ./tinyusb/src/device/usbd.o
                0x0800e21c                usbd_edpt_open
 .text.usbd_edpt_claim
                0x0800e2c4       0x54 ./tinyusb/src/device/usbd.o
                0x0800e2c4                usbd_edpt_claim
 .text.usbd_edpt_release
                0x0800e318       0x54 ./tinyusb/src/device/usbd.o
                0x0800e318                usbd_edpt_release
 .text.usbd_edpt_xfer
                0x0800e36c      0x100 ./tinyusb/src/device/usbd.o
                0x0800e36c                usbd_edpt_xfer
 .text.usbd_edpt_stall
                0x0800e46c       0x98 ./tinyusb/src/device/usbd.o
                0x0800e46c                usbd_edpt_stall
 .text.usbd_edpt_clear_stall
                0x0800e504       0x98 ./tinyusb/src/device/usbd.o
                0x0800e504                usbd_edpt_clear_stall
 .text.usbd_edpt_stalled
                0x0800e59c       0x5c ./tinyusb/src/device/usbd.o
                0x0800e59c                usbd_edpt_stalled
 .text._status_stage_xact
                0x0800e5f8       0x38 ./tinyusb/src/device/usbd_control.o
 .text.tud_control_status
                0x0800e630       0x40 ./tinyusb/src/device/usbd_control.o
                0x0800e630                tud_control_status
 .text._data_stage_xact
                0x0800e670       0xa4 ./tinyusb/src/device/usbd_control.o
 .text.tud_control_xfer
                0x0800e714      0x104 ./tinyusb/src/device/usbd_control.o
                0x0800e714                tud_control_xfer
 .text.usbd_control_reset
                0x0800e818       0x18 ./tinyusb/src/device/usbd_control.o
                0x0800e818                usbd_control_reset
 .text.usbd_control_set_complete_callback
                0x0800e830       0x20 ./tinyusb/src/device/usbd_control.o
                0x0800e830                usbd_control_set_complete_callback
 .text.usbd_control_set_request
                0x0800e850       0x34 ./tinyusb/src/device/usbd_control.o
                0x0800e850                usbd_control_set_request
 .text.usbd_control_xfer_cb
                0x0800e884      0x198 ./tinyusb/src/device/usbd_control.o
                0x0800e884                usbd_control_xfer_cb
 .text.dcd_event_sof
                0x0800ea1c       0x3e ./tinyusb/src/portable/synopsys/dwc2/dcd_dwc2.o
 *fill*         0x0800ea5a        0x2 
 .text.__NVIC_EnableIRQ
                0x0800ea5c       0x3c ./tinyusb/src/portable/synopsys/dwc2/dcd_dwc2.o
 .text.__NVIC_DisableIRQ
                0x0800ea98       0x48 ./tinyusb/src/portable/synopsys/dwc2/dcd_dwc2.o
 .text.dwc2_phy_init
                0x0800eae0       0x38 ./tinyusb/src/portable/synopsys/dwc2/dcd_dwc2.o
 .text.dwc2_phy_update
                0x0800eb18       0xec ./tinyusb/src/portable/synopsys/dwc2/dcd_dwc2.o
 .text.calc_grxfsiz
                0x0800ec04       0x32 ./tinyusb/src/portable/synopsys/dwc2/dcd_dwc2.o
 *fill*         0x0800ec36        0x2 
 .text.update_grxfsiz
                0x0800ec38       0x84 ./tinyusb/src/portable/synopsys/dwc2/dcd_dwc2.o
 .text.bus_reset
                0x0800ecbc      0x120 ./tinyusb/src/portable/synopsys/dwc2/dcd_dwc2.o
 .text.edpt_schedule_packets
                0x0800eddc      0x1f0 ./tinyusb/src/portable/synopsys/dwc2/dcd_dwc2.o
 .text.reset_core
                0x0800efcc       0x3a ./tinyusb/src/portable/synopsys/dwc2/dcd_dwc2.o
 .text.phy_hs_supported
                0x0800f006       0x16 ./tinyusb/src/portable/synopsys/dwc2/dcd_dwc2.o
 .text.phy_fs_init
                0x0800f01c       0x52 ./tinyusb/src/portable/synopsys/dwc2/dcd_dwc2.o
 .text.phy_hs_init
                0x0800f06e      0x102 ./tinyusb/src/portable/synopsys/dwc2/dcd_dwc2.o
 .text.check_dwc2
                0x0800f170       0x70 ./tinyusb/src/portable/synopsys/dwc2/dcd_dwc2.o
 .text.dcd_init
                0x0800f1e0       0xe4 ./tinyusb/src/portable/synopsys/dwc2/dcd_dwc2.o
                0x0800f1e0                dcd_init
 .text.dcd_int_enable
                0x0800f2c4       0x30 ./tinyusb/src/portable/synopsys/dwc2/dcd_dwc2.o
                0x0800f2c4                dcd_int_enable
 .text.dcd_int_disable
                0x0800f2f4       0x30 ./tinyusb/src/portable/synopsys/dwc2/dcd_dwc2.o
                0x0800f2f4                dcd_int_disable
 .text.dcd_set_address
                0x0800f324       0x68 ./tinyusb/src/portable/synopsys/dwc2/dcd_dwc2.o
                0x0800f324                dcd_set_address
 .text.dcd_connect
                0x0800f38c       0x38 ./tinyusb/src/portable/synopsys/dwc2/dcd_dwc2.o
                0x0800f38c                dcd_connect
 .text.dcd_disconnect
                0x0800f3c4       0x38 ./tinyusb/src/portable/synopsys/dwc2/dcd_dwc2.o
                0x0800f3c4                dcd_disconnect
 .text.dcd_edpt_open
                0x0800f3fc      0x2a4 ./tinyusb/src/portable/synopsys/dwc2/dcd_dwc2.o
                0x0800f3fc                dcd_edpt_open
 .text.dcd_edpt_close_all
                0x0800f6a0       0x98 ./tinyusb/src/portable/synopsys/dwc2/dcd_dwc2.o
                0x0800f6a0                dcd_edpt_close_all
 .text.dcd_edpt_xfer
                0x0800f738       0xd0 ./tinyusb/src/portable/synopsys/dwc2/dcd_dwc2.o
                0x0800f738                dcd_edpt_xfer
 .text.dcd_edpt_disable
                0x0800f808      0x1d8 ./tinyusb/src/portable/synopsys/dwc2/dcd_dwc2.o
 .text.dcd_edpt_stall
                0x0800f9e0       0x24 ./tinyusb/src/portable/synopsys/dwc2/dcd_dwc2.o
                0x0800f9e0                dcd_edpt_stall
 .text.dcd_edpt_clear_stall
                0x0800fa04       0xc0 ./tinyusb/src/portable/synopsys/dwc2/dcd_dwc2.o
                0x0800fa04                dcd_edpt_clear_stall
 .text.read_fifo_packet
                0x0800fac4       0xb4 ./tinyusb/src/portable/synopsys/dwc2/dcd_dwc2.o
 .text.write_fifo_packet
                0x0800fb78       0xa8 ./tinyusb/src/portable/synopsys/dwc2/dcd_dwc2.o
 .text.handle_rxflvl_irq
                0x0800fc20      0x19c ./tinyusb/src/portable/synopsys/dwc2/dcd_dwc2.o
 .text.handle_epout_irq
                0x0800fdbc      0x1a4 ./tinyusb/src/portable/synopsys/dwc2/dcd_dwc2.o
 .text.handle_epin_irq
                0x0800ff60      0x240 ./tinyusb/src/portable/synopsys/dwc2/dcd_dwc2.o
 .text.dcd_int_handler
                0x080101a0      0x2c4 ./tinyusb/src/portable/synopsys/dwc2/dcd_dwc2.o
                0x080101a0                dcd_int_handler
 .text.tu_edpt_claim
                0x08010464       0x74 ./tinyusb/src/tusb.o
                0x08010464                tu_edpt_claim
 .text.tu_edpt_release
                0x080104d8       0x54 ./tinyusb/src/tusb.o
                0x080104d8                tu_edpt_release
 .text.tu_edpt_validate
                0x0801052c      0x124 ./tinyusb/src/tusb.o
                0x0801052c                tu_edpt_validate
 .text.tu_edpt_bind_driver
                0x08010650       0x8a ./tinyusb/src/tusb.o
                0x08010650                tu_edpt_bind_driver
 .text.__cvt    0x080106da       0xca C:/ST/STM32CubeIDE_1.15.1/STM32CubeIDE/plugins/com.st.stm32cube.ide.mcu.externaltools.gnu-tools-for-stm32.12.3.rel1.win32_1.0.100.202403111256/tools/bin/../lib/gcc/arm-none-eabi/12.3.1/../../../../arm-none-eabi/lib/thumb/v7e-m+fp/hard\libc_nano.a(libc_a-nano-vfprintf_float.o)
                0x080106da                __cvt
 .text.__exponent
                0x080107a4       0x74 C:/ST/STM32CubeIDE_1.15.1/STM32CubeIDE/plugins/com.st.stm32cube.ide.mcu.externaltools.gnu-tools-for-stm32.12.3.rel1.win32_1.0.100.202403111256/tools/bin/../lib/gcc/arm-none-eabi/12.3.1/../../../../arm-none-eabi/lib/thumb/v7e-m+fp/hard\libc_nano.a(libc_a-nano-vfprintf_float.o)
                0x080107a4                __exponent
 .text._printf_float
                0x08010818      0x454 C:/ST/STM32CubeIDE_1.15.1/STM32CubeIDE/plugins/com.st.stm32cube.ide.mcu.externaltools.gnu-tools-for-stm32.12.3.rel1.win32_1.0.100.202403111256/tools/bin/../lib/gcc/arm-none-eabi/12.3.1/../../../../arm-none-eabi/lib/thumb/v7e-m+fp/hard\libc_nano.a(libc_a-nano-vfprintf_float.o)
                0x08010818                _printf_float
 .text._printf_common
                0x08010c6c       0xda C:/ST/STM32CubeIDE_1.15.1/STM32CubeIDE/plugins/com.st.stm32cube.ide.mcu.externaltools.gnu-tools-for-stm32.12.3.rel1.win32_1.0.100.202403111256/tools/bin/../lib/gcc/arm-none-eabi/12.3.1/../../../../arm-none-eabi/lib/thumb/v7e-m+fp/hard\libc_nano.a(libc_a-nano-vfprintf_i.o)
                0x08010c6c                _printf_common
 *fill*         0x08010d46        0x2 
 .text._printf_i
                0x08010d48      0x240 C:/ST/STM32CubeIDE_1.15.1/STM32CubeIDE/plugins/com.st.stm32cube.ide.mcu.externaltools.gnu-tools-for-stm32.12.3.rel1.win32_1.0.100.202403111256/tools/bin/../lib/gcc/arm-none-eabi/12.3.1/../../../../arm-none-eabi/lib/thumb/v7e-m+fp/hard\libc_nano.a(libc_a-nano-vfprintf_i.o)
                0x08010d48                _printf_i
 .text.std      0x08010f88       0x6c C:/ST/STM32CubeIDE_1.15.1/STM32CubeIDE/plugins/com.st.stm32cube.ide.mcu.externaltools.gnu-tools-for-stm32.12.3.rel1.win32_1.0.100.202403111256/tools/bin/../lib/gcc/arm-none-eabi/12.3.1/../../../../arm-none-eabi/lib/thumb/v7e-m+fp/hard\libc_nano.a(libc_a-findfp.o)
 .text.stdio_exit_handler
                0x08010ff4       0x18 C:/ST/STM32CubeIDE_1.15.1/STM32CubeIDE/plugins/com.st.stm32cube.ide.mcu.externaltools.gnu-tools-for-stm32.12.3.rel1.win32_1.0.100.202403111256/tools/bin/../lib/gcc/arm-none-eabi/12.3.1/../../../../arm-none-eabi/lib/thumb/v7e-m+fp/hard\libc_nano.a(libc_a-findfp.o)
 .text.cleanup_stdio
                0x0801100c       0x40 C:/ST/STM32CubeIDE_1.15.1/STM32CubeIDE/plugins/com.st.stm32cube.ide.mcu.externaltools.gnu-tools-for-stm32.12.3.rel1.win32_1.0.100.202403111256/tools/bin/../lib/gcc/arm-none-eabi/12.3.1/../../../../arm-none-eabi/lib/thumb/v7e-m+fp/hard\libc_nano.a(libc_a-findfp.o)
 .text.global_stdio_init.part.0
                0x0801104c       0x3c C:/ST/STM32CubeIDE_1.15.1/STM32CubeIDE/plugins/com.st.stm32cube.ide.mcu.externaltools.gnu-tools-for-stm32.12.3.rel1.win32_1.0.100.202403111256/tools/bin/../lib/gcc/arm-none-eabi/12.3.1/../../../../arm-none-eabi/lib/thumb/v7e-m+fp/hard\libc_nano.a(libc_a-findfp.o)
 .text.__sfp_lock_acquire
                0x08011088        0xc C:/ST/STM32CubeIDE_1.15.1/STM32CubeIDE/plugins/com.st.stm32cube.ide.mcu.externaltools.gnu-tools-for-stm32.12.3.rel1.win32_1.0.100.202403111256/tools/bin/../lib/gcc/arm-none-eabi/12.3.1/../../../../arm-none-eabi/lib/thumb/v7e-m+fp/hard\libc_nano.a(libc_a-findfp.o)
                0x08011088                __sfp_lock_acquire
 .text.__sfp_lock_release
                0x08011094        0xc C:/ST/STM32CubeIDE_1.15.1/STM32CubeIDE/plugins/com.st.stm32cube.ide.mcu.externaltools.gnu-tools-for-stm32.12.3.rel1.win32_1.0.100.202403111256/tools/bin/../lib/gcc/arm-none-eabi/12.3.1/../../../../arm-none-eabi/lib/thumb/v7e-m+fp/hard\libc_nano.a(libc_a-findfp.o)
                0x08011094                __sfp_lock_release
 .text.__sinit  0x080110a0       0x30 C:/ST/STM32CubeIDE_1.15.1/STM32CubeIDE/plugins/com.st.stm32cube.ide.mcu.externaltools.gnu-tools-for-stm32.12.3.rel1.win32_1.0.100.202403111256/tools/bin/../lib/gcc/arm-none-eabi/12.3.1/../../../../arm-none-eabi/lib/thumb/v7e-m+fp/hard\libc_nano.a(libc_a-findfp.o)
                0x080110a0                __sinit
 .text._fwalk_sglue
                0x080110d0       0x3c C:/ST/STM32CubeIDE_1.15.1/STM32CubeIDE/plugins/com.st.stm32cube.ide.mcu.externaltools.gnu-tools-for-stm32.12.3.rel1.win32_1.0.100.202403111256/tools/bin/../lib/gcc/arm-none-eabi/12.3.1/../../../../arm-none-eabi/lib/thumb/v7e-m+fp/hard\libc_nano.a(libc_a-fwalk.o)
                0x080110d0                _fwalk_sglue
 .text.printf   0x0801110c       0x24 C:/ST/STM32CubeIDE_1.15.1/STM32CubeIDE/plugins/com.st.stm32cube.ide.mcu.externaltools.gnu-tools-for-stm32.12.3.rel1.win32_1.0.100.202403111256/tools/bin/../lib/gcc/arm-none-eabi/12.3.1/../../../../arm-none-eabi/lib/thumb/v7e-m+fp/hard\libc_nano.a(libc_a-printf.o)
                0x0801110c                iprintf
                0x0801110c                printf
 .text.__sread  0x08011130       0x22 C:/ST/STM32CubeIDE_1.15.1/STM32CubeIDE/plugins/com.st.stm32cube.ide.mcu.externaltools.gnu-tools-for-stm32.12.3.rel1.win32_1.0.100.202403111256/tools/bin/../lib/gcc/arm-none-eabi/12.3.1/../../../../arm-none-eabi/lib/thumb/v7e-m+fp/hard\libc_nano.a(libc_a-stdio.o)
                0x08011130                __sread
 .text.__swrite
                0x08011152       0x38 C:/ST/STM32CubeIDE_1.15.1/STM32CubeIDE/plugins/com.st.stm32cube.ide.mcu.externaltools.gnu-tools-for-stm32.12.3.rel1.win32_1.0.100.202403111256/tools/bin/../lib/gcc/arm-none-eabi/12.3.1/../../../../arm-none-eabi/lib/thumb/v7e-m+fp/hard\libc_nano.a(libc_a-stdio.o)
                0x08011152                __swrite
 .text.__sseek  0x0801118a       0x24 C:/ST/STM32CubeIDE_1.15.1/STM32CubeIDE/plugins/com.st.stm32cube.ide.mcu.externaltools.gnu-tools-for-stm32.12.3.rel1.win32_1.0.100.202403111256/tools/bin/../lib/gcc/arm-none-eabi/12.3.1/../../../../arm-none-eabi/lib/thumb/v7e-m+fp/hard\libc_nano.a(libc_a-stdio.o)
                0x0801118a                __sseek
 .text.__sclose
                0x080111ae        0x8 C:/ST/STM32CubeIDE_1.15.1/STM32CubeIDE/plugins/com.st.stm32cube.ide.mcu.externaltools.gnu-tools-for-stm32.12.3.rel1.win32_1.0.100.202403111256/tools/bin/../lib/gcc/arm-none-eabi/12.3.1/../../../../arm-none-eabi/lib/thumb/v7e-m+fp/hard\libc_nano.a(libc_a-stdio.o)
                0x080111ae                __sclose
 .text.__swbuf_r
                0x080111b6       0x7c C:/ST/STM32CubeIDE_1.15.1/STM32CubeIDE/plugins/com.st.stm32cube.ide.mcu.externaltools.gnu-tools-for-stm32.12.3.rel1.win32_1.0.100.202403111256/tools/bin/../lib/gcc/arm-none-eabi/12.3.1/../../../../arm-none-eabi/lib/thumb/v7e-m+fp/hard\libc_nano.a(libc_a-wbuf.o)
                0x080111b6                __swbuf_r
 *fill*         0x08011232        0x2 
 .text.__swsetup_r
                0x08011234       0xac C:/ST/STM32CubeIDE_1.15.1/STM32CubeIDE/plugins/com.st.stm32cube.ide.mcu.externaltools.gnu-tools-for-stm32.12.3.rel1.win32_1.0.100.202403111256/tools/bin/../lib/gcc/arm-none-eabi/12.3.1/../../../../arm-none-eabi/lib/thumb/v7e-m+fp/hard\libc_nano.a(libc_a-wsetup.o)
                0x08011234                __swsetup_r
 .text.memset   0x080112e0       0x10 C:/ST/STM32CubeIDE_1.15.1/STM32CubeIDE/plugins/com.st.stm32cube.ide.mcu.externaltools.gnu-tools-for-stm32.12.3.rel1.win32_1.0.100.202403111256/tools/bin/../lib/gcc/arm-none-eabi/12.3.1/../../../../arm-none-eabi/lib/thumb/v7e-m+fp/hard\libc_nano.a(libc_a-memset.o)
                0x080112e0                memset
 .text._localeconv_r
                0x080112f0        0x8 C:/ST/STM32CubeIDE_1.15.1/STM32CubeIDE/plugins/com.st.stm32cube.ide.mcu.externaltools.gnu-tools-for-stm32.12.3.rel1.win32_1.0.100.202403111256/tools/bin/../lib/gcc/arm-none-eabi/12.3.1/../../../../arm-none-eabi/lib/thumb/v7e-m+fp/hard\libc_nano.a(libc_a-localeconv.o)
                0x080112f0                _localeconv_r
 .text._close_r
                0x080112f8       0x20 C:/ST/STM32CubeIDE_1.15.1/STM32CubeIDE/plugins/com.st.stm32cube.ide.mcu.externaltools.gnu-tools-for-stm32.12.3.rel1.win32_1.0.100.202403111256/tools/bin/../lib/gcc/arm-none-eabi/12.3.1/../../../../arm-none-eabi/lib/thumb/v7e-m+fp/hard\libc_nano.a(libc_a-closer.o)
                0x080112f8                _close_r
 .text._lseek_r
                0x08011318       0x24 C:/ST/STM32CubeIDE_1.15.1/STM32CubeIDE/plugins/com.st.stm32cube.ide.mcu.externaltools.gnu-tools-for-stm32.12.3.rel1.win32_1.0.100.202403111256/tools/bin/../lib/gcc/arm-none-eabi/12.3.1/../../../../arm-none-eabi/lib/thumb/v7e-m+fp/hard\libc_nano.a(libc_a-lseekr.o)
                0x08011318                _lseek_r
 .text._read_r  0x0801133c       0x24 C:/ST/STM32CubeIDE_1.15.1/STM32CubeIDE/plugins/com.st.stm32cube.ide.mcu.externaltools.gnu-tools-for-stm32.12.3.rel1.win32_1.0.100.202403111256/tools/bin/../lib/gcc/arm-none-eabi/12.3.1/../../../../arm-none-eabi/lib/thumb/v7e-m+fp/hard\libc_nano.a(libc_a-readr.o)
                0x0801133c                _read_r
 .text._write_r
                0x08011360       0x24 C:/ST/STM32CubeIDE_1.15.1/STM32CubeIDE/plugins/com.st.stm32cube.ide.mcu.externaltools.gnu-tools-for-stm32.12.3.rel1.win32_1.0.100.202403111256/tools/bin/../lib/gcc/arm-none-eabi/12.3.1/../../../../arm-none-eabi/lib/thumb/v7e-m+fp/hard\libc_nano.a(libc_a-writer.o)
                0x08011360                _write_r
 .text.__errno  0x08011384        0xc C:/ST/STM32CubeIDE_1.15.1/STM32CubeIDE/plugins/com.st.stm32cube.ide.mcu.externaltools.gnu-tools-for-stm32.12.3.rel1.win32_1.0.100.202403111256/tools/bin/../lib/gcc/arm-none-eabi/12.3.1/../../../../arm-none-eabi/lib/thumb/v7e-m+fp/hard\libc_nano.a(libc_a-errno.o)
                0x08011384                __errno
 .text.__libc_init_array
                0x08011390       0x48 C:/ST/STM32CubeIDE_1.15.1/STM32CubeIDE/plugins/com.st.stm32cube.ide.mcu.externaltools.gnu-tools-for-stm32.12.3.rel1.win32_1.0.100.202403111256/tools/bin/../lib/gcc/arm-none-eabi/12.3.1/../../../../arm-none-eabi/lib/thumb/v7e-m+fp/hard\libc_nano.a(libc_a-init.o)
                0x08011390                __libc_init_array
 .text.__retarget_lock_init_recursive
                0x080113d8        0x2 C:/ST/STM32CubeIDE_1.15.1/STM32CubeIDE/plugins/com.st.stm32cube.ide.mcu.externaltools.gnu-tools-for-stm32.12.3.rel1.win32_1.0.100.202403111256/tools/bin/../lib/gcc/arm-none-eabi/12.3.1/../../../../arm-none-eabi/lib/thumb/v7e-m+fp/hard\libc_nano.a(libc_a-lock.o)
                0x080113d8                __retarget_lock_init_recursive
 .text.__retarget_lock_acquire_recursive
                0x080113da        0x2 C:/ST/STM32CubeIDE_1.15.1/STM32CubeIDE/plugins/com.st.stm32cube.ide.mcu.externaltools.gnu-tools-for-stm32.12.3.rel1.win32_1.0.100.202403111256/tools/bin/../lib/gcc/arm-none-eabi/12.3.1/../../../../arm-none-eabi/lib/thumb/v7e-m+fp/hard\libc_nano.a(libc_a-lock.o)
                0x080113da                __retarget_lock_acquire_recursive
 .text.__retarget_lock_release_recursive
                0x080113dc        0x2 C:/ST/STM32CubeIDE_1.15.1/STM32CubeIDE/plugins/com.st.stm32cube.ide.mcu.externaltools.gnu-tools-for-stm32.12.3.rel1.win32_1.0.100.202403111256/tools/bin/../lib/gcc/arm-none-eabi/12.3.1/../../../../arm-none-eabi/lib/thumb/v7e-m+fp/hard\libc_nano.a(libc_a-lock.o)
                0x080113dc                __retarget_lock_release_recursive
 .text.memcpy   0x080113de       0x1c C:/ST/STM32CubeIDE_1.15.1/STM32CubeIDE/plugins/com.st.stm32cube.ide.mcu.externaltools.gnu-tools-for-stm32.12.3.rel1.win32_1.0.100.202403111256/tools/bin/../lib/gcc/arm-none-eabi/12.3.1/../../../../arm-none-eabi/lib/thumb/v7e-m+fp/hard\libc_nano.a(libc_a-memcpy-stub.o)
                0x080113de                memcpy
 .text.quorem   0x080113fa      0x110 C:/ST/STM32CubeIDE_1.15.1/STM32CubeIDE/plugins/com.st.stm32cube.ide.mcu.externaltools.gnu-tools-for-stm32.12.3.rel1.win32_1.0.100.202403111256/tools/bin/../lib/gcc/arm-none-eabi/12.3.1/../../../../arm-none-eabi/lib/thumb/v7e-m+fp/hard\libc_nano.a(libc_a-dtoa.o)
 *fill*         0x0801150a        0x6 
 .text._dtoa_r  0x08011510      0xb88 C:/ST/STM32CubeIDE_1.15.1/STM32CubeIDE/plugins/com.st.stm32cube.ide.mcu.externaltools.gnu-tools-for-stm32.12.3.rel1.win32_1.0.100.202403111256/tools/bin/../lib/gcc/arm-none-eabi/12.3.1/../../../../arm-none-eabi/lib/thumb/v7e-m+fp/hard\libc_nano.a(libc_a-dtoa.o)
                0x08011510                _dtoa_r
 .text._free_r  0x08012098       0x94 C:/ST/STM32CubeIDE_1.15.1/STM32CubeIDE/plugins/com.st.stm32cube.ide.mcu.externaltools.gnu-tools-for-stm32.12.3.rel1.win32_1.0.100.202403111256/tools/bin/../lib/gcc/arm-none-eabi/12.3.1/../../../../arm-none-eabi/lib/thumb/v7e-m+fp/hard\libc_nano.a(libc_a-freer.o)
                0x08012098                _free_r
 .text.malloc   0x0801212c       0x10 C:/ST/STM32CubeIDE_1.15.1/STM32CubeIDE/plugins/com.st.stm32cube.ide.mcu.externaltools.gnu-tools-for-stm32.12.3.rel1.win32_1.0.100.202403111256/tools/bin/../lib/gcc/arm-none-eabi/12.3.1/../../../../arm-none-eabi/lib/thumb/v7e-m+fp/hard\libc_nano.a(libc_a-malloc.o)
                0x0801212c                malloc
 .text.sbrk_aligned
                0x0801213c       0x44 C:/ST/STM32CubeIDE_1.15.1/STM32CubeIDE/plugins/com.st.stm32cube.ide.mcu.externaltools.gnu-tools-for-stm32.12.3.rel1.win32_1.0.100.202403111256/tools/bin/../lib/gcc/arm-none-eabi/12.3.1/../../../../arm-none-eabi/lib/thumb/v7e-m+fp/hard\libc_nano.a(libc_a-mallocr.o)
 .text._malloc_r
                0x08012180      0x100 C:/ST/STM32CubeIDE_1.15.1/STM32CubeIDE/plugins/com.st.stm32cube.ide.mcu.externaltools.gnu-tools-for-stm32.12.3.rel1.win32_1.0.100.202403111256/tools/bin/../lib/gcc/arm-none-eabi/12.3.1/../../../../arm-none-eabi/lib/thumb/v7e-m+fp/hard\libc_nano.a(libc_a-mallocr.o)
                0x08012180                _malloc_r
 .text.__malloc_lock
                0x08012280        0xc C:/ST/STM32CubeIDE_1.15.1/STM32CubeIDE/plugins/com.st.stm32cube.ide.mcu.externaltools.gnu-tools-for-stm32.12.3.rel1.win32_1.0.100.202403111256/tools/bin/../lib/gcc/arm-none-eabi/12.3.1/../../../../arm-none-eabi/lib/thumb/v7e-m+fp/hard\libc_nano.a(libc_a-mlock.o)
                0x08012280                __malloc_lock
 .text.__malloc_unlock
                0x0801228c        0xc C:/ST/STM32CubeIDE_1.15.1/STM32CubeIDE/plugins/com.st.stm32cube.ide.mcu.externaltools.gnu-tools-for-stm32.12.3.rel1.win32_1.0.100.202403111256/tools/bin/../lib/gcc/arm-none-eabi/12.3.1/../../../../arm-none-eabi/lib/thumb/v7e-m+fp/hard\libc_nano.a(libc_a-mlock.o)
                0x0801228c                __malloc_unlock
 .text._Balloc  0x08012298       0x80 C:/ST/STM32CubeIDE_1.15.1/STM32CubeIDE/plugins/com.st.stm32cube.ide.mcu.externaltools.gnu-tools-for-stm32.12.3.rel1.win32_1.0.100.202403111256/tools/bin/../lib/gcc/arm-none-eabi/12.3.1/../../../../arm-none-eabi/lib/thumb/v7e-m+fp/hard\libc_nano.a(libc_a-mprec.o)
                0x08012298                _Balloc
 .text._Bfree   0x08012318       0x44 C:/ST/STM32CubeIDE_1.15.1/STM32CubeIDE/plugins/com.st.stm32cube.ide.mcu.externaltools.gnu-tools-for-stm32.12.3.rel1.win32_1.0.100.202403111256/tools/bin/../lib/gcc/arm-none-eabi/12.3.1/../../../../arm-none-eabi/lib/thumb/v7e-m+fp/hard\libc_nano.a(libc_a-mprec.o)
                0x08012318                _Bfree
 .text.__multadd
                0x0801235c       0x8c C:/ST/STM32CubeIDE_1.15.1/STM32CubeIDE/plugins/com.st.stm32cube.ide.mcu.externaltools.gnu-tools-for-stm32.12.3.rel1.win32_1.0.100.202403111256/tools/bin/../lib/gcc/arm-none-eabi/12.3.1/../../../../arm-none-eabi/lib/thumb/v7e-m+fp/hard\libc_nano.a(libc_a-mprec.o)
                0x0801235c                __multadd
 .text.__hi0bits
                0x080123e8       0x3e C:/ST/STM32CubeIDE_1.15.1/STM32CubeIDE/plugins/com.st.stm32cube.ide.mcu.externaltools.gnu-tools-for-stm32.12.3.rel1.win32_1.0.100.202403111256/tools/bin/../lib/gcc/arm-none-eabi/12.3.1/../../../../arm-none-eabi/lib/thumb/v7e-m+fp/hard\libc_nano.a(libc_a-mprec.o)
                0x080123e8                __hi0bits
 .text.__lo0bits
                0x08012426       0x5a C:/ST/STM32CubeIDE_1.15.1/STM32CubeIDE/plugins/com.st.stm32cube.ide.mcu.externaltools.gnu-tools-for-stm32.12.3.rel1.win32_1.0.100.202403111256/tools/bin/../lib/gcc/arm-none-eabi/12.3.1/../../../../arm-none-eabi/lib/thumb/v7e-m+fp/hard\libc_nano.a(libc_a-mprec.o)
                0x08012426                __lo0bits
 .text.__i2b    0x08012480       0x2c C:/ST/STM32CubeIDE_1.15.1/STM32CubeIDE/plugins/com.st.stm32cube.ide.mcu.externaltools.gnu-tools-for-stm32.12.3.rel1.win32_1.0.100.202403111256/tools/bin/../lib/gcc/arm-none-eabi/12.3.1/../../../../arm-none-eabi/lib/thumb/v7e-m+fp/hard\libc_nano.a(libc_a-mprec.o)
                0x08012480                __i2b
 .text.__multiply
                0x080124ac      0x154 C:/ST/STM32CubeIDE_1.15.1/STM32CubeIDE/plugins/com.st.stm32cube.ide.mcu.externaltools.gnu-tools-for-stm32.12.3.rel1.win32_1.0.100.202403111256/tools/bin/../lib/gcc/arm-none-eabi/12.3.1/../../../../arm-none-eabi/lib/thumb/v7e-m+fp/hard\libc_nano.a(libc_a-mprec.o)
                0x080124ac                __multiply
 .text.__pow5mult
                0x08012600       0xb4 C:/ST/STM32CubeIDE_1.15.1/STM32CubeIDE/plugins/com.st.stm32cube.ide.mcu.externaltools.gnu-tools-for-stm32.12.3.rel1.win32_1.0.100.202403111256/tools/bin/../lib/gcc/arm-none-eabi/12.3.1/../../../../arm-none-eabi/lib/thumb/v7e-m+fp/hard\libc_nano.a(libc_a-mprec.o)
                0x08012600                __pow5mult
 .text.__lshift
                0x080126b4       0xd8 C:/ST/STM32CubeIDE_1.15.1/STM32CubeIDE/plugins/com.st.stm32cube.ide.mcu.externaltools.gnu-tools-for-stm32.12.3.rel1.win32_1.0.100.202403111256/tools/bin/../lib/gcc/arm-none-eabi/12.3.1/../../../../arm-none-eabi/lib/thumb/v7e-m+fp/hard\libc_nano.a(libc_a-mprec.o)
                0x080126b4                __lshift
 .text.__mcmp   0x0801278c       0x36 C:/ST/STM32CubeIDE_1.15.1/STM32CubeIDE/plugins/com.st.stm32cube.ide.mcu.externaltools.gnu-tools-for-stm32.12.3.rel1.win32_1.0.100.202403111256/tools/bin/../lib/gcc/arm-none-eabi/12.3.1/../../../../arm-none-eabi/lib/thumb/v7e-m+fp/hard\libc_nano.a(libc_a-mprec.o)
                0x0801278c                __mcmp
 *fill*         0x080127c2        0x2 
 .text.__mdiff  0x080127c4      0x128 C:/ST/STM32CubeIDE_1.15.1/STM32CubeIDE/plugins/com.st.stm32cube.ide.mcu.externaltools.gnu-tools-for-stm32.12.3.rel1.win32_1.0.100.202403111256/tools/bin/../lib/gcc/arm-none-eabi/12.3.1/../../../../arm-none-eabi/lib/thumb/v7e-m+fp/hard\libc_nano.a(libc_a-mprec.o)
                0x080127c4                __mdiff
 .text.__d2b    0x080128ec       0xb0 C:/ST/STM32CubeIDE_1.15.1/STM32CubeIDE/plugins/com.st.stm32cube.ide.mcu.externaltools.gnu-tools-for-stm32.12.3.rel1.win32_1.0.100.202403111256/tools/bin/../lib/gcc/arm-none-eabi/12.3.1/../../../../arm-none-eabi/lib/thumb/v7e-m+fp/hard\libc_nano.a(libc_a-mprec.o)
                0x080128ec                __d2b
 .text.__sfputc_r
                0x0801299c       0x2e C:/ST/STM32CubeIDE_1.15.1/STM32CubeIDE/plugins/com.st.stm32cube.ide.mcu.externaltools.gnu-tools-for-stm32.12.3.rel1.win32_1.0.100.202403111256/tools/bin/../lib/gcc/arm-none-eabi/12.3.1/../../../../arm-none-eabi/lib/thumb/v7e-m+fp/hard\libc_nano.a(libc_a-nano-vfprintf.o)
 .text.__sfputs_r
                0x080129ca       0x24 C:/ST/STM32CubeIDE_1.15.1/STM32CubeIDE/plugins/com.st.stm32cube.ide.mcu.externaltools.gnu-tools-for-stm32.12.3.rel1.win32_1.0.100.202403111256/tools/bin/../lib/gcc/arm-none-eabi/12.3.1/../../../../arm-none-eabi/lib/thumb/v7e-m+fp/hard\libc_nano.a(libc_a-nano-vfprintf.o)
                0x080129ca                __sfputs_r
 *fill*         0x080129ee        0x2 
 .text._vfprintf_r
                0x080129f0      0x230 C:/ST/STM32CubeIDE_1.15.1/STM32CubeIDE/plugins/com.st.stm32cube.ide.mcu.externaltools.gnu-tools-for-stm32.12.3.rel1.win32_1.0.100.202403111256/tools/bin/../lib/gcc/arm-none-eabi/12.3.1/../../../../arm-none-eabi/lib/thumb/v7e-m+fp/hard\libc_nano.a(libc_a-nano-vfprintf.o)
                0x080129f0                _vfprintf_r
                0x080129f0                _vfiprintf_r
 .text.__sflush_r
                0x08012c20      0x108 C:/ST/STM32CubeIDE_1.15.1/STM32CubeIDE/plugins/com.st.stm32cube.ide.mcu.externaltools.gnu-tools-for-stm32.12.3.rel1.win32_1.0.100.202403111256/tools/bin/../lib/gcc/arm-none-eabi/12.3.1/../../../../arm-none-eabi/lib/thumb/v7e-m+fp/hard\libc_nano.a(libc_a-fflush.o)
                0x08012c20                __sflush_r
 .text._fflush_r
                0x08012d28       0x50 C:/ST/STM32CubeIDE_1.15.1/STM32CubeIDE/plugins/com.st.stm32cube.ide.mcu.externaltools.gnu-tools-for-stm32.12.3.rel1.win32_1.0.100.202403111256/tools/bin/../lib/gcc/arm-none-eabi/12.3.1/../../../../arm-none-eabi/lib/thumb/v7e-m+fp/hard\libc_nano.a(libc_a-fflush.o)
                0x08012d28                _fflush_r
 .text.__swhatbuf_r
                0x08012d78       0x4c C:/ST/STM32CubeIDE_1.15.1/STM32CubeIDE/plugins/com.st.stm32cube.ide.mcu.externaltools.gnu-tools-for-stm32.12.3.rel1.win32_1.0.100.202403111256/tools/bin/../lib/gcc/arm-none-eabi/12.3.1/../../../../arm-none-eabi/lib/thumb/v7e-m+fp/hard\libc_nano.a(libc_a-makebuf.o)
                0x08012d78                __swhatbuf_r
 .text.__smakebuf_r