../Core/Src/comms/protobuf/pb_decode.c:68:25:buf_read	32	static
../Core/Src/comms/protobuf/pb_decode.c:81:18:pb_read	40	static
../Core/Src/comms/protobuf/pb_decode.c:120:25:pb_readbyte	16	static
../Core/Src/comms/protobuf/pb_decode.c:138:14:pb_istream_from_buffer	48	static
../Core/Src/comms/protobuf/pb_decode.c:166:25:pb_decode_varint32_eof	40	static
../Core/Src/comms/protobuf/pb_decode.c:232:18:pb_decode_varint32	16	static
../Core/Src/comms/protobuf/pb_decode.c:238:18:pb_decode_varint	72	static
../Core/Src/comms/protobuf/pb_decode.c:261:18:pb_skip_varint	24	static
../Core/Src/comms/protobuf/pb_decode.c:272:18:pb_skip_string	24	static
../Core/Src/comms/protobuf/pb_decode.c:286:18:pb_decode_tag	32	static
../Core/Src/comms/protobuf/pb_decode.c:303:18:pb_skip_field	16	static
../Core/Src/comms/protobuf/pb_decode.c:318:25:read_raw_value	32	static
../Core/Src/comms/protobuf/pb_decode.c:357:18:pb_make_string_substream	32	static
../Core/Src/comms/protobuf/pb_decode.c:372:18:pb_close_string_substream	16	static
../Core/Src/comms/protobuf/pb_decode.c:391:25:decode_basic_field	24	static
../Core/Src/comms/protobuf/pb_decode.c:462:25:decode_static_field	96	static
../Core/Src/comms/protobuf/pb_decode.c:619:25:decode_pointer_field	24	static
../Core/Src/comms/protobuf/pb_decode.c:747:25:decode_callback_field	104	static
../Core/Src/comms/protobuf/pb_decode.c:793:25:decode_field	24	static
../Core/Src/comms/protobuf/pb_decode.c:824:25:default_extension_decoder	64	static
../Core/Src/comms/protobuf/pb_decode.c:841:25:decode_extension	40	static
../Core/Src/comms/protobuf/pb_decode.c:864:13:pb_field_set_to_default	64	static
../Core/Src/comms/protobuf/pb_decode.c:946:13:pb_message_set_to_defaults	64	static
../Core/Src/comms/protobuf/pb_decode.c:985:25:pb_decode_inner	112	static
../Core/Src/comms/protobuf/pb_decode.c:1149:18:pb_decode_ex	48	static
../Core/Src/comms/protobuf/pb_decode.c:1177:18:pb_decode	32	static
../Core/Src/comms/protobuf/pb_decode.c:1334:6:pb_decode_bool	24	static
../Core/Src/comms/protobuf/pb_decode.c:1344:6:pb_decode_svarint	40	static
../Core/Src/comms/protobuf/pb_decode.c:1358:6:pb_decode_fixed32	24	static
../Core/Src/comms/protobuf/pb_decode.c:1381:6:pb_decode_fixed64	24	static
../Core/Src/comms/protobuf/pb_decode.c:1408:25:pb_dec_bool	16	static
../Core/Src/comms/protobuf/pb_decode.c:1413:25:pb_dec_varint	112	static
../Core/Src/comms/protobuf/pb_decode.c:1485:25:pb_dec_bytes	32	static
../Core/Src/comms/protobuf/pb_decode.c:1525:25:pb_dec_string	32	static
../Core/Src/comms/protobuf/pb_decode.c:1575:25:pb_dec_submessage	48	static
../Core/Src/comms/protobuf/pb_decode.c:1627:25:pb_dec_fixed_length_bytes	24	static
