C:/Users/kundusayantan/Documents/GitHub/GUM/hardware/glove/fw/BowieGlove/tinyusb/src/class/cdc/cdc_device.h:218:24:tud_cdc_write	16	static
../Core/Src/glove/glove.c:104:6:glove_mux_reset	8	static
../Core/Src/glove/glove.c:111:6:scan_mux_channel	24	static
../Core/Src/glove/glove.c:131:19:glove_mux_set_channel	32	static
../Core/Src/glove/glove.c:153:6:init_glove	48	static
../Core/Src/glove/glove.c:183:8:init_island	72	dynamic
../Core/Src/glove/glove.c:343:6:glove_update_data	144	static
../Core/Src/glove/glove.c:388:6:glove_send_quat_data	96	static
../Core/Src/glove/glove.c:450:6:glove_send_mag_data	96	static
../Core/Src/glove/glove.c:527:21:glove_coms_write	56	static
../Core/Src/glove/glove.c:553:9:flush_glove	16	static
../Core/Src/glove/glove.c:580:9:flush_mag_island	24	static
../Core/Src/glove/glove.c:589:9:flush_quat_island	24	static
