../Core/Src/comms/protobuf/pb_encode.c:52:25:buf_write	32	static
../Core/Src/comms/protobuf/pb_encode.c:62:14:pb_ostream_from_buffer	56	static
../Core/Src/comms/protobuf/pb_encode.c:83:18:pb_write	24	static
../Core/Src/comms/protobuf/pb_encode.c:114:13:safe_read_bool	24	static
../Core/Src/comms/protobuf/pb_encode.c:127:25:encode_array	64	static
../Core/Src/comms/protobuf/pb_encode.c:243:25:pb_check_proto3_default_value	80	static
../Core/Src/comms/protobuf/pb_encode.c:361:25:encode_basic_field	16	static
../Core/Src/comms/protobuf/pb_encode.c:406:25:encode_callback_field	16	static
../Core/Src/comms/protobuf/pb_encode.c:417:25:encode_field	16	static
../Core/Src/comms/protobuf/pb_encode.c:473:25:default_extension_encoder	56	static
../Core/Src/comms/protobuf/pb_encode.c:486:25:encode_extension_field	24	static
../Core/Src/comms/protobuf/pb_encode.c:511:18:pb_encode	64	static
../Core/Src/comms/protobuf/pb_encode.c:535:18:pb_encode_ex	32	static
../Core/Src/comms/protobuf/pb_encode.c:556:6:pb_get_encoded_size	48	static
../Core/Src/comms/protobuf/pb_encode.c:572:25:pb_encode_varint_32	40	static
../Core/Src/comms/protobuf/pb_encode.c:606:18:pb_encode_varint	40	static
../Core/Src/comms/protobuf/pb_encode.c:624:18:pb_encode_svarint	72	static
../Core/Src/comms/protobuf/pb_encode.c:636:18:pb_encode_fixed32	16	static
../Core/Src/comms/protobuf/pb_encode.c:653:18:pb_encode_fixed64	16	static
../Core/Src/comms/protobuf/pb_encode.c:674:18:pb_encode_tag	64	static
../Core/Src/comms/protobuf/pb_encode.c:680:6:pb_encode_tag_for_field	24	static
../Core/Src/comms/protobuf/pb_encode.c:715:18:pb_encode_string	32	static
../Core/Src/comms/protobuf/pb_encode.c:723:18:pb_encode_submessage	64	static
../Core/Src/comms/protobuf/pb_encode.c:775:25:pb_enc_bool	32	static
../Core/Src/comms/protobuf/pb_encode.c:782:25:pb_enc_varint	80	static
../Core/Src/comms/protobuf/pb_encode.c:830:25:pb_enc_fixed	16	static
../Core/Src/comms/protobuf/pb_encode.c:855:25:pb_enc_bytes	24	static
../Core/Src/comms/protobuf/pb_encode.c:876:25:pb_enc_string	32	static
../Core/Src/comms/protobuf/pb_encode.c:929:25:pb_enc_submessage	24	static
../Core/Src/comms/protobuf/pb_encode.c:948:25:pb_enc_fixed_length_bytes	16	static
