C:/Users/kundusayantan/Documents/GitHub/GUM/hardware/glove/fw/BowieGlove/tinyusb/src/class/cdc/cdc_device.h:218:24:tud_cdc_write	16	static
C:/Users/kundusayantan/Documents/GitHub/GUM/hardware/glove/fw/BowieGlove/tinyusb/src/class/cdc/cdc_device.h:228:24:tud_cdc_write_flush	8	static
../Core/Src/main.c:88:5:main	40	static
../Core/Src/main.c:219:6:SystemClock_Config	88	static
../Core/Src/main.c:272:6:PeriphCommonClock_Config	104	static
../Core/Src/main.c:293:5:__io_putchar	24	static
../Core/Src/main.c:300:5:_write	32	static
../Core/Src/main.c:309:6:HAL_TIM_PeriodElapsedCallback	16	static
../Core/Src/main.c:326:6:Error_Handler	4	static,ignoring_inline_asm
