C:/Users/kundusayantan/Documents/GitHub/GUM/hardware/glove/fw/BowieGlove/tinyusb/src/class/cdc/cdc_device.h:218:24:tud_cdc_write	1
C:/Users/kundusayantan/Documents/GitHub/GUM/hardware/glove/fw/BowieGlove/tinyusb/src/class/cdc/cdc_device.h:228:24:tud_cdc_write_flush	1
../Core/Src/main.c:88:5:main	1
../Core/Src/main.c:219:6:SystemClock_Config	4
../Core/Src/main.c:272:6:PeriphCommonClock_Config	2
../Core/Src/main.c:293:5:__io_putchar	1
../Core/Src/main.c:300:5:_write	2
../Core/Src/main.c:309:6:HAL_TIM_PeriodElapsedCallback	2
../Core/Src/main.c:326:6:Error_Handler	1
